******************************************************************************
                  TI ARM Linker PC v5.2.2                      
******************************************************************************
>> Linked Mon Mar 06 10:48:29 2017

OUTPUT FILE NAME:   <test_RS485.out>
ENTRY POINT SYMBOL: "_c_int00"  address: 00002845


MEMORY CONFIGURATION

         name            origin    length      used     unused   attr    fill
----------------------  --------  ---------  --------  --------  ----  --------
  FLASH                 00000000   00040000  00003092  0003cf6e  R  X
  SRAM                  20000000   00008000  000005bb  00007a45  RW X


SEGMENT ALLOCATION MAP

run origin  load origin   length   init length attrs members
----------  ----------- ---------- ----------- ----- -------
00000000    00000000    00003098   00003098    r-x
  00000000    00000000    0000026c   0000026c    r-- .intvecs
  0000026c    0000026c    00002a42   00002a42    r-x .text
  00002cb0    00002cb0    000003a4   000003a4    r-- .const
  00003058    00003058    00000040   00000040    r-- .cinit
20000000    20000000    000005bc   00000000    rw-
  20000000    20000000    0000037f   00000000    rw- .bss
  20000380    20000380    00000200   00000000    rw- .stack
  20000580    20000580    0000003c   00000000    rw- .data


SECTION ALLOCATION MAP

 output                                  attributes/
section   page    origin      length       input sections
--------  ----  ----------  ----------   ----------------
.intvecs   0    00000000    0000026c     
                  00000000    0000026c     tm4c123gh6pm_startup_ccs.obj (.intvecs)

.text      0    0000026c    00002a42     
                  0000026c    000006bc     mainTestRS485.obj (.text)
                  00000928    000004cc     serial.obj (.text)
                  00000df4    00000390     numManipulate.obj (.text)
                  00001184    00000314     mySerial.obj (.text)
                  00001498    0000030c     ringbuf.obj (.text)
                  000017a4    0000023c     rtsv7M4_T_le_v4SPD16_eabi.lib : strtod.obj (.text)
                  000019e0    000001f4     myTimer.obj (.text)
                  00001bd4    000001b6     rtsv7M4_T_le_v4SPD16_eabi.lib : fd_add_t2.obj (.text)
                  00001d8a    00000002     --HOLE-- [fill = 0]
                  00001d8c    00000194     myFIFO.obj (.text)
                  00001f20    00000136     rtsv7M4_T_le_v4SPD16_eabi.lib : fd_div_t2.obj (.text)
                  00002056    00000130     driverlib.lib : gpio.obj (.text:GPIOPadConfigSet)
                  00002186    00000002     --HOLE-- [fill = 0]
                  00002188    00000118                   : sysctl.obj (.text:SysCtlClockGet)
                  000022a0    000000fc     rtsv7M4_T_le_v4SPD16_eabi.lib : fd_mul_t2.obj (.text)
                  0000239c    000000f0     driverlib.lib : sysctl.obj (.text:SysCtlClockSet)
                  0000248c    0000009c     rtsv7M4_T_le_v4SPD16_eabi.lib : memcpy_t2.obj (.text)
                  00002528    00000088     myIO.obj (.text)
                  000025b0    00000086     rtsv7M4_T_le_v4SPD16_eabi.lib : fd_cmp_t2.obj (.text:__aeabi_cdcmple)
                  00002636    0000007a                                   : memset_t2.obj (.text)
                  000026b0    0000006c                                   : autoinit.obj (.text)
                  0000271c    0000006a                                   : copy_decompress_rle.obj (.text)
                  00002786    00000002     --HOLE-- [fill = 0]
                  00002788    00000060     driverlib.lib : interrupt.obj (.text:IntEnable)
                  000027e8    0000005c                   : timer.obj (.text:TimerConfigure)
                  00002844    00000050     rtsv7M4_T_le_v4SPD16_eabi.lib : boot.obj (.text)
                  00002894    0000004c                                   : atoi.obj (.text)
                  000028e0    0000004c                                   : cpy_tbl.obj (.text)
                  0000292c    0000004a                                   : fd_tos_t2.obj (.text)
                  00002976    00000002     --HOLE-- [fill = 0]
                  00002978    00000048     driverlib.lib : gpio.obj (.text:GPIOPinConfigure)
                  000029c0    00000044     rtsv7M4_T_le_v4SPD16_eabi.lib : exit.obj (.text)
                  00002a04    00000040     driverlib.lib : uart.obj (.text:UARTConfigSetExpClk)
                  00002a44    00000034                   : sysctl.obj (.text:SysCtlPeripheralEnable)
                  00002a78    0000002a                   : gpio.obj (.text:GPIODirModeSet)
                  00002aa2    00000002     --HOLE-- [fill = 0]
                  00002aa4    00000024                   : interrupt.obj (.text:IntPrioritySet)
                  00002ac8    0000001c                   : uart.obj (.text:UARTDisable)
                  00002ae4    00000018                   : gpio.obj (.text:GPIOPinTypeGPIOOutput)
                  00002afc    00000018     rtsv7M4_T_le_v4SPD16_eabi.lib : args_main.obj (.text)
                  00002b14    00000014     driverlib.lib : systick.obj (.text:SysTickEnable)
                  00002b28    00000014                   : systick.obj (.text:SysTickIntEnable)
                  00002b3c    00000014                   : uart.obj (.text:UARTEnable)
                  00002b50    00000014     rtsv7M4_T_le_v4SPD16_eabi.lib : _lock.obj (.text)
                  00002b64    00000012     driverlib.lib : gpio.obj (.text:GPIOPinTypeUART)
                  00002b76    00000012                   : timer.obj (.text:TimerLoadSet)
                  00002b88    00000012     rtsv7M4_T_le_v4SPD16_eabi.lib : atof.obj (.text)
                  00002b9a    00000002     --HOLE-- [fill = 0]
                  00002b9c    00000010     driverlib.lib : systick.obj (.text:SysTickPeriodSet)
                  00002bac    00000010     rtsv7M4_T_le_v4SPD16_eabi.lib : isdigit.obj (.text)
                  00002bbc    0000000e     driverlib.lib : timer.obj (.text:TimerEnable)
                  00002bca    0000000e     rtsv7M4_T_le_v4SPD16_eabi.lib : copy_decompress_none.obj (.text:decompress:none)
                  00002bd8    0000000c     driverlib.lib : cpu.obj (.text:CPUcpsid)
                  00002be4    0000000c                   : cpu.obj (.text:CPUcpsie)
                  00002bf0    0000000c                   : uart.obj (.text:UARTCharsAvail)
                  00002bfc    0000000c                   : uart.obj (.text:UARTTxIntModeSet)
                  00002c08    0000000c     rtsv7M4_T_le_v4SPD16_eabi.lib : copy_zero_init.obj (.text:decompress:ZI)
                  00002c14    0000000c     tm4c123gh6pm_startup_ccs.obj (.text)
                  00002c20    0000000a     driverlib.lib : interrupt.obj (.text:IntMasterDisable)
                  00002c2a    0000000a                   : interrupt.obj (.text:IntMasterEnable)
                  00002c34    0000000a                   : timer.obj (.text:TimerValueGet)
                  00002c3e    0000000a                   : uart.obj (.text:UARTCharGet)
                  00002c48    0000000a                   : uart.obj (.text:UARTCharPut)
                  00002c52    0000000a                   : uart.obj (.text:UARTFIFOEnable)
                  00002c5c    0000000a                   : uart.obj (.text:UARTIntStatus)
                  00002c66    00000008                   : timer.obj (.text:TimerIntEnable)
                  00002c6e    00000008                   : uart.obj (.text:UARTBusy)
                  00002c76    00000008                   : uart.obj (.text:UARTIntEnable)
                  00002c7e    00000006                   : gpio.obj (.text:GPIOPinRead)
                  00002c84    00000006                   : gpio.obj (.text:GPIOPinWrite)
                  00002c8a    00000006                   : sysctl.obj (.text:SysCtlDelay)
                  00002c90    00000006                   : uart.obj (.text:UARTClockSourceSet)
                  00002c96    00000006                   : uart.obj (.text:UARTFIFOLevelSet)
                  00002c9c    00000006     rtsv7M4_T_le_v4SPD16_eabi.lib : copy_decompress_rle.obj (.text:decompress:rle24)
                  00002ca2    00000004     driverlib.lib : timer.obj (.text:TimerIntClear)
                  00002ca6    00000004                   : uart.obj (.text:UARTIntClear)
                  00002caa    00000004     rtsv7M4_T_le_v4SPD16_eabi.lib : pre_init.obj (.text)

.const     0    00002cb0    000003a4     
                  00002cb0    00000101     rtsv7M4_T_le_v4SPD16_eabi.lib : ctype.obj (.const:.string:_ctypes_)
                  00002db1    00000003     --HOLE-- [fill = 0]
                  00002db4    0000009c     driverlib.lib : interrupt.obj (.const:g_pui32Regs)
                  00002e50    00000098     rtsv7M4_T_le_v4SPD16_eabi.lib : strtod.obj (.const)
                  00002ee8    00000090     driverlib.lib : gpio.obj (.const:g_pui32GPIOBaseAddrs)
                  00002f78    00000070                   : interrupt.obj (.const)
                  00002fe8    0000006c                   : sysctl.obj (.const:g_pui32Xtals)

.cinit     0    00003058    00000040     
                  00003058    0000001a     (.cinit..data.load) [load image, compression = rle]
                  00003072    00000002     --HOLE-- [fill = 0]
                  00003074    0000000c     (__TI_handler_table)
                  00003080    00000008     (.cinit..bss.load) [load image, compression = zero_init]
                  00003088    00000010     (__TI_cinit_table)

.init_array 
*          0    00000000    00000000     UNINITIALIZED

.bss       0    20000000    0000037f     UNINITIALIZED
                  20000000    00000278     mySerial.obj (.bss:serialPcFIFO)
                  20000278    000000cb     mySerial.obj (.bss:serialPC)
                  20000343    00000029     serial.obj (.bss:Uart)
                  2000036c    00000008     (.common:sam1)
                  20000374    00000006     (.common:SysTick_Int_Count)
                  2000037a    00000004     (.common:toggle_led)
                  2000037e    00000001     (.common:FlagTimer)

.TI.noinit 
*          0    20000000    00000000     UNINITIALIZED

.stack     0    20000380    00000200     UNINITIALIZED
                  20000380    00000200     --HOLE--

.data      0    20000580    0000003c     UNINITIALIZED
                  20000580    0000001a     myTimer.obj (.data)
                  2000059a    00000001     myFIFO.obj (.data)
                  2000059b    00000001     --HOLE--
                  2000059c    00000008     rtsv7M4_T_le_v4SPD16_eabi.lib : _lock.obj (.data)
                  200005a4    00000008                                   : exit.obj (.data)
                  200005ac    00000005     mainTestRS485.obj (.data)
                  200005b1    00000003     --HOLE--
                  200005b4    00000004     rtsv7M4_T_le_v4SPD16_eabi.lib : errno.obj (.data)
                  200005b8    00000004                                   : stkdepth_vars.obj (.data)

.TI.persistent 
*          0    20000580    00000000     UNINITIALIZED


LINKER GENERATED COPY TABLES

__TI_cinit_table @ 00003088 records: 2, size/record: 8, table size: 16
	.data: load addr=00003058, load size=0000001a bytes, run addr=20000580, run size=0000003c bytes, compression=rle
	.bss: load addr=00003080, load size=00000008 bytes, run addr=20000000, run size=0000037f bytes, compression=zero_init


LINKER GENERATED HANDLER TABLE

__TI_handler_table @ 00003074 records: 3, size/record: 4, table size: 12
	index: 0, handler: __TI_decompress_rle24
	index: 1, handler: __TI_decompress_none
	index: 2, handler: __TI_zero_init


GLOBAL SYMBOLS: SORTED ALPHABETICALLY BY Name 

address   name                     
-------   ----                     
000029c1  C$$EXIT                  
00002bd9  CPUcpsid                 
00002be5  CPUcpsie                 
00001eaf  FIFOCharPut              
00001ed7  FIFO_PutStr              
00001de9  FIFO_Rx_CharPut          
00001da7  FIFO_Rx_DataGet          
00001dff  FIFO_Rx_StrGet           
00001d8d  FIFO_Rx_clear            
00001d9b  FIFO_Tx_clear            
2000037e  FlagTimer                
00002a79  GPIODirModeSet           
00002057  GPIOPadConfigSet         
00002979  GPIOPinConfigure         
00002c7f  GPIOPinRead              
00002ae5  GPIOPinTypeGPIOOutput    
00002b65  GPIOPinTypeUART          
00002c85  GPIOPinWrite             
00002789  IntEnable                
00002c21  IntMasterDisable         
00002c2b  IntMasterEnable          
00002aa5  IntPrioritySet           
00000df5  Map_y                    
0000026d  RS485PutChar             
000004d7  RS485PutData             
00000287  RS485PutStr              
00002c15  ResetISR                 
00001683  RingBufAdvanceRead       
000016b1  RingBufAdvanceWrite      
000015dd  RingBufContigFree        
000015af  RingBufContigUsed        
0000151d  RingBufEmpty             
00001547  RingBufFlush             
00001599  RingBufFree              
000014e3  RingBufFull              
00001781  RingBufInit              
0000164d  RingBufRead              
00001627  RingBufReadOne           
00001619  RingBufSize              
00001567  RingBufUsed              
0000174b  RingBufWrite             
00001725  RingBufWriteOne          
UNDEFED   SHT$$INIT_ARRAY$$Base    
UNDEFED   SHT$$INIT_ARRAY$$Limit   
00000d59  SerialGetStr             
00000ca9  SerialPutChar            
00000c71  SerialPutData            
00000ccd  SerialPutStr             
00000cf5  SerialPutStrLn           
00000d2d  SerialPutStr_NonTer      
00000d99  SerialTerminator         
20000599  SycTick_Int_Count        
000019fb  SycTick_Interrupt_Handler
00002189  SysCtlClockGet           
0000239d  SysCtlClockSet           
00002c8b  SysCtlDelay              
00002a45  SysCtlPeripheralEnable   
00002b15  SysTickEnable            
00002b29  SysTickIntEnable         
00002b9d  SysTickPeriodSet         
000019e1  SysTick_Init             
20000374  SysTick_Int_Count        
00001b5d  Timer0_Interrupt_Handler 
00001b1b  Timer0_init              
00001aef  Timer1_Interrupt_Handler 
00001b0f  Timer1_Reset             
00001aa7  Timer1_init              
000027e9  TimerConfigure           
00002bbd  TimerEnable              
00002ca3  TimerIntClear            
00002c67  TimerIntEnable           
00002b77  TimerLoadSet             
00002c35  TimerValueGet            
00000ba9  UART0_Init               
000009d5  UART0_Interrupt_Handler  
00000bff  UART1_Init               
00000983  UART1_Interrupt_Handler  
00001185  UART2_Init               
000011eb  UART3_Init               
00001249  UART3_Interrupt_Handler  
00001345  UART4_Init               
00000b35  UART5_Init               
00000a2f  UART5_Interrupt_Handler  
00000add  UART6_Init               
00000969  UART6_Interrupt_Handler  
0000139f  UART7_Init               
00002c6f  UARTBusy                 
00002c3f  UARTCharGet              
00002c49  UARTCharPut              
00002bf1  UARTCharsAvail           
00002c91  UARTClockSourceSet       
00002a05  UARTConfigSetExpClk      
00002ac9  UARTDisable              
00002b3d  UARTEnable               
00002c53  UARTFIFOEnable           
00002c97  UARTFIFOLevelSet         
00002ca7  UARTIntClear             
00002c77  UARTIntEnable            
00002c5d  UARTIntStatus            
00002bfd  UARTTxIntModeSet         
20000343  Uart                     
200005b4  _Errno                   
20000580  __STACK_END              
00000200  __STACK_SIZE             
20000580  __STACK_TOP              
00003088  __TI_CINIT_Base          
00003098  __TI_CINIT_Limit         
00003074  __TI_Handler_Table_Base  
00003080  __TI_Handler_Table_Limit 
000026b1  __TI_auto_init           
200005a4  __TI_cleanup_ptr         
00002bcb  __TI_decompress_none     
00002c9d  __TI_decompress_rle24    
200005a8  __TI_dtors_ptr           
00000000  __TI_static_base__       
00002c09  __TI_zero_init           
000025b1  __aeabi_cdcmpeq          
000025b1  __aeabi_cdcmple          
0000292d  __aeabi_d2f              
00001bdf  __aeabi_dadd             
00001f21  __aeabi_ddiv             
000022a1  __aeabi_dmul             
00001bd5  __aeabi_dsub             
00002637  __aeabi_memclr           
00002637  __aeabi_memclr4          
00002637  __aeabi_memclr8          
0000248d  __aeabi_memcpy           
0000248d  __aeabi_memcpy4          
0000248d  __aeabi_memcpy8          
00002639  __aeabi_memset           
00002639  __aeabi_memset4          
00002639  __aeabi_memset8          
ffffffff  __binit__                
ffffffff  __c_args__               
20000380  __stack                  
00002afd  _args_main               
00002845  _c_int00                 
00002cb0  _ctypes_                 
2000059c  _lock                    
00002b5f  _nop                     
00002b57  _register_lock           
00002b51  _register_unlock         
00002cab  _system_pre_init         
200005a0  _unlock                  
000029c5  abort                    
00002b89  atof                     
00002895  atoi                     
ffffffff  binit                    
00002593  button                   
00000619  communication            
000028e1  copy_in                  
200005ac  count                    
00000821  display_com              
200005b0  display_mode             
000029cd  exit                     
2000059a  flag_change_mode         
00000e49  float2str                
00000000  g_pfnVectors             
00001b7b  getMicroSecond           
0000101b  int2num                  
00002bad  isdigit                  
0000253b  led                      
0000054d  main                     
200005b8  main_func_sp             
0000248d  memcpy                   
0000263f  memset                   
00001dc3  myFIFO_init              
00002529  myIO_init                
20000584  preMicroSecond_angle     
20000590  preMicroSecond_camera    
20000588  preMicroSecond_position  
2000058c  preMicroSecond_sonar     
20000598  safe_flag                
2000036c  sam1                     
20000594  sampling_time_second     
20000580  seconds                  
000013f9  serialGetData            
20000278  serialPC                 
20000000  serialPcFIFO             
00001119  set_float_value          
00001153  set_int_value            
00000929  set_position             
000017a5  strtod                   
000005dd  task_100Hz               
000005a7  task_20Hz                
000005f9  task_50Hz                
2000037a  toggle_led               
0000029d  uax_get_jointAngle10bit  
00000403  uax_get_jointAngle8bit   
00000341  uax_set_jointAngle10bit  
0000046d  uax_set_jointAngle8bit   
00001e35  update_hardwareFIFO      


GLOBAL SYMBOLS: SORTED BY Symbol Address 

address   name                     
-------   ----                     
00000000  __TI_static_base__       
00000000  g_pfnVectors             
00000200  __STACK_SIZE             
0000026d  RS485PutChar             
00000287  RS485PutStr              
0000029d  uax_get_jointAngle10bit  
00000341  uax_set_jointAngle10bit  
00000403  uax_get_jointAngle8bit   
0000046d  uax_set_jointAngle8bit   
000004d7  RS485PutData             
0000054d  main                     
000005a7  task_20Hz                
000005dd  task_100Hz               
000005f9  task_50Hz                
00000619  communication            
00000821  display_com              
00000929  set_position             
00000969  UART6_Interrupt_Handler  
00000983  UART1_Interrupt_Handler  
000009d5  UART0_Interrupt_Handler  
00000a2f  UART5_Interrupt_Handler  
00000add  UART6_Init               
00000b35  UART5_Init               
00000ba9  UART0_Init               
00000bff  UART1_Init               
00000c71  SerialPutData            
00000ca9  SerialPutChar            
00000ccd  SerialPutStr             
00000cf5  SerialPutStrLn           
00000d2d  SerialPutStr_NonTer      
00000d59  SerialGetStr             
00000d99  SerialTerminator         
00000df5  Map_y                    
00000e49  float2str                
0000101b  int2num                  
00001119  set_float_value          
00001153  set_int_value            
00001185  UART2_Init               
000011eb  UART3_Init               
00001249  UART3_Interrupt_Handler  
00001345  UART4_Init               
0000139f  UART7_Init               
000013f9  serialGetData            
000014e3  RingBufFull              
0000151d  RingBufEmpty             
00001547  RingBufFlush             
00001567  RingBufUsed              
00001599  RingBufFree              
000015af  RingBufContigUsed        
000015dd  RingBufContigFree        
00001619  RingBufSize              
00001627  RingBufReadOne           
0000164d  RingBufRead              
00001683  RingBufAdvanceRead       
000016b1  RingBufAdvanceWrite      
00001725  RingBufWriteOne          
0000174b  RingBufWrite             
00001781  RingBufInit              
000017a5  strtod                   
000019e1  SysTick_Init             
000019fb  SycTick_Interrupt_Handler
00001aa7  Timer1_init              
00001aef  Timer1_Interrupt_Handler 
00001b0f  Timer1_Reset             
00001b1b  Timer0_init              
00001b5d  Timer0_Interrupt_Handler 
00001b7b  getMicroSecond           
00001bd5  __aeabi_dsub             
00001bdf  __aeabi_dadd             
00001d8d  FIFO_Rx_clear            
00001d9b  FIFO_Tx_clear            
00001da7  FIFO_Rx_DataGet          
00001dc3  myFIFO_init              
00001de9  FIFO_Rx_CharPut          
00001dff  FIFO_Rx_StrGet           
00001e35  update_hardwareFIFO      
00001eaf  FIFOCharPut              
00001ed7  FIFO_PutStr              
00001f21  __aeabi_ddiv             
00002057  GPIOPadConfigSet         
00002189  SysCtlClockGet           
000022a1  __aeabi_dmul             
0000239d  SysCtlClockSet           
0000248d  __aeabi_memcpy           
0000248d  __aeabi_memcpy4          
0000248d  __aeabi_memcpy8          
0000248d  memcpy                   
00002529  myIO_init                
0000253b  led                      
00002593  button                   
000025b1  __aeabi_cdcmpeq          
000025b1  __aeabi_cdcmple          
00002637  __aeabi_memclr           
00002637  __aeabi_memclr4          
00002637  __aeabi_memclr8          
00002639  __aeabi_memset           
00002639  __aeabi_memset4          
00002639  __aeabi_memset8          
0000263f  memset                   
000026b1  __TI_auto_init           
00002789  IntEnable                
000027e9  TimerConfigure           
00002845  _c_int00                 
00002895  atoi                     
000028e1  copy_in                  
0000292d  __aeabi_d2f              
00002979  GPIOPinConfigure         
000029c1  C$$EXIT                  
000029c5  abort                    
000029cd  exit                     
00002a05  UARTConfigSetExpClk      
00002a45  SysCtlPeripheralEnable   
00002a79  GPIODirModeSet           
00002aa5  IntPrioritySet           
00002ac9  UARTDisable              
00002ae5  GPIOPinTypeGPIOOutput    
00002afd  _args_main               
00002b15  SysTickEnable            
00002b29  SysTickIntEnable         
00002b3d  UARTEnable               
00002b51  _register_unlock         
00002b57  _register_lock           
00002b5f  _nop                     
00002b65  GPIOPinTypeUART          
00002b77  TimerLoadSet             
00002b89  atof                     
00002b9d  SysTickPeriodSet         
00002bad  isdigit                  
00002bbd  TimerEnable              
00002bcb  __TI_decompress_none     
00002bd9  CPUcpsid                 
00002be5  CPUcpsie                 
00002bf1  UARTCharsAvail           
00002bfd  UARTTxIntModeSet         
00002c09  __TI_zero_init           
00002c15  ResetISR                 
00002c21  IntMasterDisable         
00002c2b  IntMasterEnable          
00002c35  TimerValueGet            
00002c3f  UARTCharGet              
00002c49  UARTCharPut              
00002c53  UARTFIFOEnable           
00002c5d  UARTIntStatus            
00002c67  TimerIntEnable           
00002c6f  UARTBusy                 
00002c77  UARTIntEnable            
00002c7f  GPIOPinRead              
00002c85  GPIOPinWrite             
00002c8b  SysCtlDelay              
00002c91  UARTClockSourceSet       
00002c97  UARTFIFOLevelSet         
00002c9d  __TI_decompress_rle24    
00002ca3  TimerIntClear            
00002ca7  UARTIntClear             
00002cab  _system_pre_init         
00002cb0  _ctypes_                 
00003074  __TI_Handler_Table_Base  
00003080  __TI_Handler_Table_Limit 
00003088  __TI_CINIT_Base          
00003098  __TI_CINIT_Limit         
20000000  serialPcFIFO             
20000278  serialPC                 
20000343  Uart                     
2000036c  sam1                     
20000374  SysTick_Int_Count        
2000037a  toggle_led               
2000037e  FlagTimer                
20000380  __stack                  
20000580  __STACK_END              
20000580  __STACK_TOP              
20000580  seconds                  
20000584  preMicroSecond_angle     
20000588  preMicroSecond_position  
2000058c  preMicroSecond_sonar     
20000590  preMicroSecond_camera    
20000594  sampling_time_second     
20000598  safe_flag                
20000599  SycTick_Int_Count        
2000059a  flag_change_mode         
2000059c  _lock                    
200005a0  _unlock                  
200005a4  __TI_cleanup_ptr         
200005a8  __TI_dtors_ptr           
200005ac  count                    
200005b0  display_mode             
200005b4  _Errno                   
200005b8  main_func_sp             
ffffffff  __binit__                
ffffffff  __c_args__               
ffffffff  binit                    
UNDEFED   SHT$$INIT_ARRAY$$Base    
UNDEFED   SHT$$INIT_ARRAY$$Limit   

[192 symbols]
