<?xml version="1.0"?>
<link_info>
   <banner>TI ARM Linker PC v5.2.2</banner>
   <copyright>Copyright (c) 1996-2015 Texas Instruments Incorporated</copyright>
   <link_time>0x5aec587d</link_time>
   <link_errors>0x0</link_errors>
   <output_file>Test_SSI.out</output_file>
   <entry_point>
      <name>_c_int00</name>
      <address>0x2b15</address>
   </entry_point>
   <input_file_list>
      <input_file id="fl-2">
         <path>.\</path>
         <kind>object</kind>
         <file>SAM.obj</file>
         <name>SAM.obj</name>
      </input_file>
      <input_file id="fl-3">
         <path>.\</path>
         <kind>object</kind>
         <file>mainTestSSI.obj</file>
         <name>mainTestSSI.obj</name>
      </input_file>
      <input_file id="fl-4">
         <path>.\</path>
         <kind>object</kind>
         <file>myFIFO.obj</file>
         <name>myFIFO.obj</name>
      </input_file>
      <input_file id="fl-5">
         <path>.\</path>
         <kind>object</kind>
         <file>myIO.obj</file>
         <name>myIO.obj</name>
      </input_file>
      <input_file id="fl-6">
         <path>.\</path>
         <kind>object</kind>
         <file>mySerial.obj</file>
         <name>mySerial.obj</name>
      </input_file>
      <input_file id="fl-7">
         <path>.\</path>
         <kind>object</kind>
         <file>myTimer.obj</file>
         <name>myTimer.obj</name>
      </input_file>
      <input_file id="fl-8">
         <path>.\</path>
         <kind>object</kind>
         <file>numManipulate.obj</file>
         <name>numManipulate.obj</name>
      </input_file>
      <input_file id="fl-9">
         <path>.\</path>
         <kind>object</kind>
         <file>ringbuf.obj</file>
         <name>ringbuf.obj</name>
      </input_file>
      <input_file id="fl-a">
         <path>.\</path>
         <kind>object</kind>
         <file>serial.obj</file>
         <name>serial.obj</name>
      </input_file>
      <input_file id="fl-b">
         <path>.\</path>
         <kind>object</kind>
         <file>tm4c123gh6pm_startup_ccs.obj</file>
         <name>tm4c123gh6pm_startup_ccs.obj</name>
      </input_file>
      <input_file id="fl-c">
         <path>.\SDcard\</path>
         <kind>object</kind>
         <file>ff.obj</file>
         <name>ff.obj</name>
      </input_file>
      <input_file id="fl-d">
         <path>.\SDcard\</path>
         <kind>object</kind>
         <file>mmc-ek-lm4f232.obj</file>
         <name>mmc-ek-lm4f232.obj</name>
      </input_file>
      <input_file id="fl-13">
         <path>C:\ti\TivaWare_C_Series-2.1.0.12573\driverlib\ccs\Debug\</path>
         <kind>archive</kind>
         <file>driverlib.lib</file>
         <name>uart.obj</name>
      </input_file>
      <input_file id="fl-14">
         <path>C:\ti\TivaWare_C_Series-2.1.0.12573\driverlib\ccs\Debug\</path>
         <kind>archive</kind>
         <file>driverlib.lib</file>
         <name>timer.obj</name>
      </input_file>
      <input_file id="fl-15">
         <path>C:\ti\TivaWare_C_Series-2.1.0.12573\driverlib\ccs\Debug\</path>
         <kind>archive</kind>
         <file>driverlib.lib</file>
         <name>systick.obj</name>
      </input_file>
      <input_file id="fl-16">
         <path>C:\ti\TivaWare_C_Series-2.1.0.12573\driverlib\ccs\Debug\</path>
         <kind>archive</kind>
         <file>driverlib.lib</file>
         <name>sysctl.obj</name>
      </input_file>
      <input_file id="fl-17">
         <path>C:\ti\TivaWare_C_Series-2.1.0.12573\driverlib\ccs\Debug\</path>
         <kind>archive</kind>
         <file>driverlib.lib</file>
         <name>ssi.obj</name>
      </input_file>
      <input_file id="fl-18">
         <path>C:\ti\TivaWare_C_Series-2.1.0.12573\driverlib\ccs\Debug\</path>
         <kind>archive</kind>
         <file>driverlib.lib</file>
         <name>interrupt.obj</name>
      </input_file>
      <input_file id="fl-19">
         <path>C:\ti\TivaWare_C_Series-2.1.0.12573\driverlib\ccs\Debug\</path>
         <kind>archive</kind>
         <file>driverlib.lib</file>
         <name>gpio.obj</name>
      </input_file>
      <input_file id="fl-1a">
         <path>C:\ti\TivaWare_C_Series-2.1.0.12573\driverlib\ccs\Debug\</path>
         <kind>archive</kind>
         <file>driverlib.lib</file>
         <name>cpu.obj</name>
      </input_file>
      <input_file id="fl-13c">
         <path>C:\ti\ccsv6\tools\compiler\ti-cgt-arm_5.2.2\lib\</path>
         <kind>archive</kind>
         <file>rtsv7M4_T_le_v4SPD16_eabi.lib</file>
         <name>atof.obj</name>
      </input_file>
      <input_file id="fl-13d">
         <path>C:\ti\ccsv6\tools\compiler\ti-cgt-arm_5.2.2\lib\</path>
         <kind>archive</kind>
         <file>rtsv7M4_T_le_v4SPD16_eabi.lib</file>
         <name>atoi.obj</name>
      </input_file>
      <input_file id="fl-13e">
         <path>C:\ti\ccsv6\tools\compiler\ti-cgt-arm_5.2.2\lib\</path>
         <kind>archive</kind>
         <file>rtsv7M4_T_le_v4SPD16_eabi.lib</file>
         <name>boot.obj</name>
      </input_file>
      <input_file id="fl-13f">
         <path>C:\ti\ccsv6\tools\compiler\ti-cgt-arm_5.2.2\lib\</path>
         <kind>archive</kind>
         <file>rtsv7M4_T_le_v4SPD16_eabi.lib</file>
         <name>copy_decompress_none.obj</name>
      </input_file>
      <input_file id="fl-140">
         <path>C:\ti\ccsv6\tools\compiler\ti-cgt-arm_5.2.2\lib\</path>
         <kind>archive</kind>
         <file>rtsv7M4_T_le_v4SPD16_eabi.lib</file>
         <name>copy_decompress_rle.obj</name>
      </input_file>
      <input_file id="fl-141">
         <path>C:\ti\ccsv6\tools\compiler\ti-cgt-arm_5.2.2\lib\</path>
         <kind>archive</kind>
         <file>rtsv7M4_T_le_v4SPD16_eabi.lib</file>
         <name>copy_zero_init.obj</name>
      </input_file>
      <input_file id="fl-142">
         <path>C:\ti\ccsv6\tools\compiler\ti-cgt-arm_5.2.2\lib\</path>
         <kind>archive</kind>
         <file>rtsv7M4_T_le_v4SPD16_eabi.lib</file>
         <name>ctype.obj</name>
      </input_file>
      <input_file id="fl-143">
         <path>C:\ti\ccsv6\tools\compiler\ti-cgt-arm_5.2.2\lib\</path>
         <kind>archive</kind>
         <file>rtsv7M4_T_le_v4SPD16_eabi.lib</file>
         <name>exit.obj</name>
      </input_file>
      <input_file id="fl-144">
         <path>C:\ti\ccsv6\tools\compiler\ti-cgt-arm_5.2.2\lib\</path>
         <kind>archive</kind>
         <file>rtsv7M4_T_le_v4SPD16_eabi.lib</file>
         <name>fd_tos_t2.obj</name>
      </input_file>
      <input_file id="fl-145">
         <path>C:\ti\ccsv6\tools\compiler\ti-cgt-arm_5.2.2\lib\</path>
         <kind>archive</kind>
         <file>rtsv7M4_T_le_v4SPD16_eabi.lib</file>
         <name>isdigit.obj</name>
      </input_file>
      <input_file id="fl-146">
         <path>C:\ti\ccsv6\tools\compiler\ti-cgt-arm_5.2.2\lib\</path>
         <kind>archive</kind>
         <file>rtsv7M4_T_le_v4SPD16_eabi.lib</file>
         <name>memcpy_t2.obj</name>
      </input_file>
      <input_file id="fl-147">
         <path>C:\ti\ccsv6\tools\compiler\ti-cgt-arm_5.2.2\lib\</path>
         <kind>archive</kind>
         <file>rtsv7M4_T_le_v4SPD16_eabi.lib</file>
         <name>memset_t2.obj</name>
      </input_file>
      <input_file id="fl-148">
         <path>C:\ti\ccsv6\tools\compiler\ti-cgt-arm_5.2.2\lib\</path>
         <kind>archive</kind>
         <file>rtsv7M4_T_le_v4SPD16_eabi.lib</file>
         <name>pre_init.obj</name>
      </input_file>
      <input_file id="fl-149">
         <path>C:\ti\ccsv6\tools\compiler\ti-cgt-arm_5.2.2\lib\</path>
         <kind>archive</kind>
         <file>rtsv7M4_T_le_v4SPD16_eabi.lib</file>
         <name>stkdepth_vars.obj</name>
      </input_file>
      <input_file id="fl-14a">
         <path>C:\ti\ccsv6\tools\compiler\ti-cgt-arm_5.2.2\lib\</path>
         <kind>archive</kind>
         <file>rtsv7M4_T_le_v4SPD16_eabi.lib</file>
         <name>strtod.obj</name>
      </input_file>
      <input_file id="fl-14b">
         <path>C:\ti\ccsv6\tools\compiler\ti-cgt-arm_5.2.2\lib\</path>
         <kind>archive</kind>
         <file>rtsv7M4_T_le_v4SPD16_eabi.lib</file>
         <name>_lock.obj</name>
      </input_file>
      <input_file id="fl-14c">
         <path>C:\ti\ccsv6\tools\compiler\ti-cgt-arm_5.2.2\lib\</path>
         <kind>archive</kind>
         <file>rtsv7M4_T_le_v4SPD16_eabi.lib</file>
         <name>args_main.obj</name>
      </input_file>
      <input_file id="fl-14d">
         <path>C:\ti\ccsv6\tools\compiler\ti-cgt-arm_5.2.2\lib\</path>
         <kind>archive</kind>
         <file>rtsv7M4_T_le_v4SPD16_eabi.lib</file>
         <name>autoinit.obj</name>
      </input_file>
      <input_file id="fl-14e">
         <path>C:\ti\ccsv6\tools\compiler\ti-cgt-arm_5.2.2\lib\</path>
         <kind>archive</kind>
         <file>rtsv7M4_T_le_v4SPD16_eabi.lib</file>
         <name>cpy_tbl.obj</name>
      </input_file>
      <input_file id="fl-14f">
         <path>C:\ti\ccsv6\tools\compiler\ti-cgt-arm_5.2.2\lib\</path>
         <kind>archive</kind>
         <file>rtsv7M4_T_le_v4SPD16_eabi.lib</file>
         <name>errno.obj</name>
      </input_file>
      <input_file id="fl-150">
         <path>C:\ti\ccsv6\tools\compiler\ti-cgt-arm_5.2.2\lib\</path>
         <kind>archive</kind>
         <file>rtsv7M4_T_le_v4SPD16_eabi.lib</file>
         <name>fd_add_t2.obj</name>
      </input_file>
      <input_file id="fl-151">
         <path>C:\ti\ccsv6\tools\compiler\ti-cgt-arm_5.2.2\lib\</path>
         <kind>archive</kind>
         <file>rtsv7M4_T_le_v4SPD16_eabi.lib</file>
         <name>fd_cmp_t2.obj</name>
      </input_file>
      <input_file id="fl-152">
         <path>C:\ti\ccsv6\tools\compiler\ti-cgt-arm_5.2.2\lib\</path>
         <kind>archive</kind>
         <file>rtsv7M4_T_le_v4SPD16_eabi.lib</file>
         <name>fd_div_t2.obj</name>
      </input_file>
      <input_file id="fl-153">
         <path>C:\ti\ccsv6\tools\compiler\ti-cgt-arm_5.2.2\lib\</path>
         <kind>archive</kind>
         <file>rtsv7M4_T_le_v4SPD16_eabi.lib</file>
         <name>fd_mul_t2.obj</name>
      </input_file>
   </input_file_list>
   <object_component_list>
      <object_component id="oc-f">
         <name>.intvecs</name>
         <load_address>0x0</load_address>
         <run_address>0x0</run_address>
         <size>0x26c</size>
         <input_file_ref idref="fl-b"/>
      </object_component>
      <object_component id="oc-a5">
         <name>.text</name>
         <load_address>0x26c</load_address>
         <run_address>0x26c</run_address>
         <size>0xc4c</size>
         <input_file_ref idref="fl-d"/>
      </object_component>
      <object_component id="oc-3c">
         <name>.text</name>
         <load_address>0xeb8</load_address>
         <run_address>0xeb8</run_address>
         <size>0x778</size>
         <input_file_ref idref="fl-3"/>
      </object_component>
      <object_component id="oc-36">
         <name>.text</name>
         <load_address>0x1630</load_address>
         <run_address>0x1630</run_address>
         <size>0x4cc</size>
         <input_file_ref idref="fl-a"/>
      </object_component>
      <object_component id="oc-42">
         <name>.text</name>
         <load_address>0x1afc</load_address>
         <run_address>0x1afc</run_address>
         <size>0x314</size>
         <input_file_ref idref="fl-6"/>
      </object_component>
      <object_component id="oc-288">
         <name>.text</name>
         <load_address>0x1e10</load_address>
         <run_address>0x1e10</run_address>
         <size>0x30c</size>
         <input_file_ref idref="fl-9"/>
      </object_component>
      <object_component id="oc-30">
         <name>.text</name>
         <load_address>0x211c</load_address>
         <run_address>0x211c</run_address>
         <size>0x1f8</size>
         <input_file_ref idref="fl-7"/>
      </object_component>
      <object_component id="oc-1a3">
         <name>.text</name>
         <load_address>0x2314</load_address>
         <run_address>0x2314</run_address>
         <size>0x194</size>
         <input_file_ref idref="fl-4"/>
      </object_component>
      <object_component id="oc-25a">
         <name>.text:GPIOPadConfigSet</name>
         <load_address>0x24a8</load_address>
         <run_address>0x24a8</run_address>
         <size>0x130</size>
         <input_file_ref idref="fl-19"/>
      </object_component>
      <object_component id="oc-8d">
         <name>.text:SysCtlClockGet</name>
         <load_address>0x25d8</load_address>
         <run_address>0x25d8</run_address>
         <size>0x118</size>
         <input_file_ref idref="fl-16"/>
      </object_component>
      <object_component id="oc-17b">
         <name>.text:SysCtlClockSet</name>
         <load_address>0x26f0</load_address>
         <run_address>0x26f0</run_address>
         <size>0xf0</size>
         <input_file_ref idref="fl-16"/>
      </object_component>
      <object_component id="oc-4b">
         <name>.text</name>
         <load_address>0x27e0</load_address>
         <run_address>0x27e0</run_address>
         <size>0x9c</size>
         <input_file_ref idref="fl-146"/>
      </object_component>
      <object_component id="oc-e1">
         <name>.text</name>
         <load_address>0x287c</load_address>
         <run_address>0x287c</run_address>
         <size>0x88</size>
         <input_file_ref idref="fl-5"/>
      </object_component>
      <object_component id="oc-64">
         <name>.text</name>
         <load_address>0x2904</load_address>
         <run_address>0x2904</run_address>
         <size>0x7a</size>
         <input_file_ref idref="fl-147"/>
      </object_component>
      <object_component id="oc-76">
         <name>.text</name>
         <load_address>0x2980</load_address>
         <run_address>0x2980</run_address>
         <size>0x6c</size>
         <input_file_ref idref="fl-14d"/>
      </object_component>
      <object_component id="oc-57">
         <name>.text</name>
         <load_address>0x29ec</load_address>
         <run_address>0x29ec</run_address>
         <size>0x6a</size>
         <input_file_ref idref="fl-140"/>
      </object_component>
      <object_component id="oc-c3">
         <name>.text:IntEnable</name>
         <load_address>0x2a58</load_address>
         <run_address>0x2a58</run_address>
         <size>0x60</size>
         <input_file_ref idref="fl-18"/>
      </object_component>
      <object_component id="oc-b1">
         <name>.text:TimerConfigure</name>
         <load_address>0x2ab8</load_address>
         <run_address>0x2ab8</run_address>
         <size>0x5c</size>
         <input_file_ref idref="fl-14"/>
      </object_component>
      <object_component id="oc-24">
         <name>.text</name>
         <load_address>0x2b14</load_address>
         <run_address>0x2b14</run_address>
         <size>0x50</size>
         <input_file_ref idref="fl-13e"/>
      </object_component>
      <object_component id="oc-ff">
         <name>.text</name>
         <load_address>0x2b64</load_address>
         <run_address>0x2b64</run_address>
         <size>0x4c</size>
         <input_file_ref idref="fl-13d"/>
      </object_component>
      <object_component id="oc-1c9">
         <name>.text</name>
         <load_address>0x2bb0</load_address>
         <run_address>0x2bb0</run_address>
         <size>0x4c</size>
         <input_file_ref idref="fl-14e"/>
      </object_component>
      <object_component id="oc-123">
         <name>.text:GPIOPinConfigure</name>
         <load_address>0x2bfc</load_address>
         <run_address>0x2bfc</run_address>
         <size>0x48</size>
         <input_file_ref idref="fl-19"/>
      </object_component>
      <object_component id="oc-82">
         <name>.text</name>
         <load_address>0x2c44</load_address>
         <run_address>0x2c44</run_address>
         <size>0x44</size>
         <input_file_ref idref="fl-143"/>
      </object_component>
      <object_component id="oc-16f">
         <name>.text:SSIConfigSetExpClk</name>
         <load_address>0x2c88</load_address>
         <run_address>0x2c88</run_address>
         <size>0x42</size>
         <input_file_ref idref="fl-17"/>
      </object_component>
      <object_component id="oc-12f">
         <name>.text:UARTConfigSetExpClk</name>
         <load_address>0x2cca</load_address>
         <run_address>0x2cca</run_address>
         <size>0x40</size>
         <input_file_ref idref="fl-13"/>
      </object_component>
      <object_component id="oc-ab">
         <name>.text:SysCtlPeripheralEnable</name>
         <load_address>0x2d0c</load_address>
         <run_address>0x2d0c</run_address>
         <size>0x34</size>
         <input_file_ref idref="fl-16"/>
      </object_component>
      <object_component id="oc-254">
         <name>.text:GPIODirModeSet</name>
         <load_address>0x2d40</load_address>
         <run_address>0x2d40</run_address>
         <size>0x2a</size>
         <input_file_ref idref="fl-19"/>
      </object_component>
      <object_component id="oc-c9">
         <name>.text:IntPrioritySet</name>
         <load_address>0x2d6c</load_address>
         <run_address>0x2d6c</run_address>
         <size>0x24</size>
         <input_file_ref idref="fl-18"/>
      </object_component>
      <object_component id="oc-261">
         <name>.text:UARTDisable</name>
         <load_address>0x2d90</load_address>
         <run_address>0x2d90</run_address>
         <size>0x1c</size>
         <input_file_ref idref="fl-13"/>
      </object_component>
      <object_component id="oc-21b">
         <name>.text:GPIOPinTypeGPIOOutput</name>
         <load_address>0x2dac</load_address>
         <run_address>0x2dac</run_address>
         <size>0x18</size>
         <input_file_ref idref="fl-19"/>
      </object_component>
      <object_component id="oc-7c">
         <name>.text</name>
         <load_address>0x2dc4</load_address>
         <run_address>0x2dc4</run_address>
         <size>0x18</size>
         <input_file_ref idref="fl-14c"/>
      </object_component>
      <object_component id="oc-9f">
         <name>.text:SysTickEnable</name>
         <load_address>0x2ddc</load_address>
         <run_address>0x2ddc</run_address>
         <size>0x14</size>
         <input_file_ref idref="fl-15"/>
      </object_component>
      <object_component id="oc-99">
         <name>.text:SysTickIntEnable</name>
         <load_address>0x2df0</load_address>
         <run_address>0x2df0</run_address>
         <size>0x14</size>
         <input_file_ref idref="fl-15"/>
      </object_component>
      <object_component id="oc-13b">
         <name>.text:UARTEnable</name>
         <load_address>0x2e04</load_address>
         <run_address>0x2e04</run_address>
         <size>0x14</size>
         <input_file_ref idref="fl-13"/>
      </object_component>
      <object_component id="oc-2b7">
         <name>.text</name>
         <load_address>0x2e18</load_address>
         <run_address>0x2e18</run_address>
         <size>0x14</size>
         <input_file_ref idref="fl-14b"/>
      </object_component>
      <object_component id="oc-169">
         <name>.text:GPIOPinTypeSSI</name>
         <load_address>0x2e2c</load_address>
         <run_address>0x2e2c</run_address>
         <size>0x12</size>
         <input_file_ref idref="fl-19"/>
      </object_component>
      <object_component id="oc-129">
         <name>.text:GPIOPinTypeUART</name>
         <load_address>0x2e3e</load_address>
         <run_address>0x2e3e</run_address>
         <size>0x12</size>
         <input_file_ref idref="fl-19"/>
      </object_component>
      <object_component id="oc-182">
         <name>.text:SSIDataGetNonBlocking</name>
         <load_address>0x2e50</load_address>
         <run_address>0x2e50</run_address>
         <size>0x12</size>
         <input_file_ref idref="fl-17"/>
      </object_component>
      <object_component id="oc-b7">
         <name>.text:TimerLoadSet</name>
         <load_address>0x2e62</load_address>
         <run_address>0x2e62</run_address>
         <size>0x12</size>
         <input_file_ref idref="fl-14"/>
      </object_component>
      <object_component id="oc-93">
         <name>.text:SysTickPeriodSet</name>
         <load_address>0x2e74</load_address>
         <run_address>0x2e74</run_address>
         <size>0x10</size>
         <input_file_ref idref="fl-15"/>
      </object_component>
      <object_component id="oc-d5">
         <name>.text:TimerEnable</name>
         <load_address>0x2e84</load_address>
         <run_address>0x2e84</run_address>
         <size>0xe</size>
         <input_file_ref idref="fl-14"/>
      </object_component>
      <object_component id="oc-12">
         <name>.text:decompress:none</name>
         <load_address>0x2e92</load_address>
         <run_address>0x2e92</run_address>
         <size>0xe</size>
         <input_file_ref idref="fl-13f"/>
      </object_component>
      <object_component id="oc-30d">
         <name>.text:CPUcpsid</name>
         <load_address>0x2ea0</load_address>
         <run_address>0x2ea0</run_address>
         <size>0xc</size>
         <input_file_ref idref="fl-1a"/>
      </object_component>
      <object_component id="oc-203">
         <name>.text:CPUcpsie</name>
         <load_address>0x2eac</load_address>
         <run_address>0x2eac</run_address>
         <size>0xc</size>
         <input_file_ref idref="fl-1a"/>
      </object_component>
      <object_component id="oc-11d">
         <name>.text:UARTCharsAvail</name>
         <load_address>0x2eb8</load_address>
         <run_address>0x2eb8</run_address>
         <size>0xc</size>
         <input_file_ref idref="fl-13"/>
      </object_component>
      <object_component id="oc-14d">
         <name>.text:UARTTxIntModeSet</name>
         <load_address>0x2ec4</load_address>
         <run_address>0x2ec4</run_address>
         <size>0xc</size>
         <input_file_ref idref="fl-13"/>
      </object_component>
      <object_component id="oc-1e">
         <name>.text:decompress:ZI</name>
         <load_address>0x2ed0</load_address>
         <run_address>0x2ed0</run_address>
         <size>0xc</size>
         <input_file_ref idref="fl-141"/>
      </object_component>
      <object_component id="oc-2a">
         <name>.text</name>
         <load_address>0x2edc</load_address>
         <run_address>0x2edc</run_address>
         <size>0xc</size>
         <input_file_ref idref="fl-b"/>
      </object_component>
      <object_component id="oc-2ef">
         <name>.text:IntMasterDisable</name>
         <load_address>0x2ee8</load_address>
         <run_address>0x2ee8</run_address>
         <size>0xa</size>
         <input_file_ref idref="fl-18"/>
      </object_component>
      <object_component id="oc-bd">
         <name>.text:IntMasterEnable</name>
         <load_address>0x2ef2</load_address>
         <run_address>0x2ef2</run_address>
         <size>0xa</size>
         <input_file_ref idref="fl-18"/>
      </object_component>
      <object_component id="oc-199">
         <name>.text:SSIDMADisable</name>
         <load_address>0x2efc</load_address>
         <run_address>0x2efc</run_address>
         <size>0xa</size>
         <input_file_ref idref="fl-17"/>
      </object_component>
      <object_component id="oc-175">
         <name>.text:SSIEnable</name>
         <load_address>0x2f06</load_address>
         <run_address>0x2f06</run_address>
         <size>0xa</size>
         <input_file_ref idref="fl-17"/>
      </object_component>
      <object_component id="oc-e7">
         <name>.text:TimerValueGet</name>
         <load_address>0x2f10</load_address>
         <run_address>0x2f10</run_address>
         <size>0xa</size>
         <input_file_ref idref="fl-14"/>
      </object_component>
      <object_component id="oc-117">
         <name>.text:UARTCharGet</name>
         <load_address>0x2f1a</load_address>
         <run_address>0x2f1a</run_address>
         <size>0xa</size>
         <input_file_ref idref="fl-13"/>
      </object_component>
      <object_component id="oc-159">
         <name>.text:UARTCharPut</name>
         <load_address>0x2f24</load_address>
         <run_address>0x2f24</run_address>
         <size>0xa</size>
         <input_file_ref idref="fl-13"/>
      </object_component>
      <object_component id="oc-141">
         <name>.text:UARTFIFOEnable</name>
         <load_address>0x2f2e</load_address>
         <run_address>0x2f2e</run_address>
         <size>0xa</size>
         <input_file_ref idref="fl-13"/>
      </object_component>
      <object_component id="oc-10b">
         <name>.text:UARTIntStatus</name>
         <load_address>0x2f38</load_address>
         <run_address>0x2f38</run_address>
         <size>0xa</size>
         <input_file_ref idref="fl-13"/>
      </object_component>
      <object_component id="oc-193">
         <name>.text:SSIDMAEnable</name>
         <load_address>0x2f42</load_address>
         <run_address>0x2f42</run_address>
         <size>0x8</size>
         <input_file_ref idref="fl-17"/>
      </object_component>
      <object_component id="oc-cf">
         <name>.text:TimerIntEnable</name>
         <load_address>0x2f4a</load_address>
         <run_address>0x2f4a</run_address>
         <size>0x8</size>
         <input_file_ref idref="fl-14"/>
      </object_component>
      <object_component id="oc-28e">
         <name>.text:UARTBusy</name>
         <load_address>0x2f52</load_address>
         <run_address>0x2f52</run_address>
         <size>0x8</size>
         <input_file_ref idref="fl-13"/>
      </object_component>
      <object_component id="oc-135">
         <name>.text:UARTIntEnable</name>
         <load_address>0x2f5a</load_address>
         <run_address>0x2f5a</run_address>
         <size>0x8</size>
         <input_file_ref idref="fl-13"/>
      </object_component>
      <object_component id="oc-221">
         <name>.text:GPIOPinRead</name>
         <load_address>0x2f62</load_address>
         <run_address>0x2f62</run_address>
         <size>0x6</size>
         <input_file_ref idref="fl-19"/>
      </object_component>
      <object_component id="oc-111">
         <name>.text:GPIOPinWrite</name>
         <load_address>0x2f68</load_address>
         <run_address>0x2f68</run_address>
         <size>0x6</size>
         <input_file_ref idref="fl-19"/>
      </object_component>
      <object_component id="oc-181">
         <name>.text:SysCtlDelay</name>
         <load_address>0x2f6e</load_address>
         <run_address>0x2f6e</run_address>
         <size>0x6</size>
         <input_file_ref idref="fl-16"/>
      </object_component>
      <object_component id="oc-153">
         <name>.text:UARTClockSourceSet</name>
         <load_address>0x2f74</load_address>
         <run_address>0x2f74</run_address>
         <size>0x6</size>
         <input_file_ref idref="fl-13"/>
      </object_component>
      <object_component id="oc-147">
         <name>.text:UARTFIFOLevelSet</name>
         <load_address>0x2f7a</load_address>
         <run_address>0x2f7a</run_address>
         <size>0x6</size>
         <input_file_ref idref="fl-13"/>
      </object_component>
      <object_component id="oc-18">
         <name>.text:decompress:rle24</name>
         <load_address>0x2f80</load_address>
         <run_address>0x2f80</run_address>
         <size>0x6</size>
         <input_file_ref idref="fl-140"/>
      </object_component>
      <object_component id="oc-db">
         <name>.text:TimerIntClear</name>
         <load_address>0x2f86</load_address>
         <run_address>0x2f86</run_address>
         <size>0x4</size>
         <input_file_ref idref="fl-14"/>
      </object_component>
      <object_component id="oc-105">
         <name>.text:UARTIntClear</name>
         <load_address>0x2f8a</load_address>
         <run_address>0x2f8a</run_address>
         <size>0x4</size>
         <input_file_ref idref="fl-13"/>
      </object_component>
      <object_component id="oc-70">
         <name>.text</name>
         <load_address>0x2f8e</load_address>
         <run_address>0x2f8e</run_address>
         <size>0x4</size>
         <input_file_ref idref="fl-148"/>
      </object_component>
      <object_component id="oc-244">
         <name>.const:.string:_ctypes_</name>
         <load_address>0x2f94</load_address>
         <run_address>0x2f94</run_address>
         <size>0x101</size>
         <input_file_ref idref="fl-142"/>
      </object_component>
      <object_component id="oc-214">
         <name>.const:g_pui32Regs</name>
         <load_address>0x3098</load_address>
         <run_address>0x3098</run_address>
         <size>0x9c</size>
         <input_file_ref idref="fl-18"/>
      </object_component>
      <object_component id="oc-250">
         <name>.const:g_pui32GPIOBaseAddrs</name>
         <load_address>0x3134</load_address>
         <run_address>0x3134</run_address>
         <size>0x90</size>
         <input_file_ref idref="fl-19"/>
      </object_component>
      <object_component id="oc-20f">
         <name>.const</name>
         <load_address>0x31c4</load_address>
         <run_address>0x31c4</run_address>
         <size>0x70</size>
         <input_file_ref idref="fl-18"/>
      </object_component>
      <object_component id="oc-1de">
         <name>.const:g_pui32Xtals</name>
         <load_address>0x3234</load_address>
         <run_address>0x3234</run_address>
         <size>0x6c</size>
         <input_file_ref idref="fl-16"/>
      </object_component>
      <object_component id="oc-33a">
         <name>.cinit..data.load</name>
         <load_address>0x32a0</load_address>
         <run_address>0x32a0</run_address>
         <size>0x1f</size>
      </object_component>
      <object_component id="oc-338">
         <name>__TI_handler_table</name>
         <load_address>0x32c0</load_address>
         <run_address>0x32c0</run_address>
         <size>0xc</size>
      </object_component>
      <object_component id="oc-33b">
         <name>.cinit..bss.load</name>
         <load_address>0x32d0</load_address>
         <run_address>0x32d0</run_address>
         <size>0x8</size>
      </object_component>
      <object_component id="oc-339">
         <name>__TI_cinit_table</name>
         <load_address>0x32d8</load_address>
         <run_address>0x32d8</run_address>
         <size>0x10</size>
      </object_component>
      <object_component id="oc-29">
         <name>.stack</name>
         <uninitialized>true</uninitialized>
         <run_address>0x20000998</run_address>
         <size>0x0</size>
         <input_file_ref idref="fl-13e"/>
      </object_component>
      <object_component id="oc-33c">
         <name>.stack</name>
         <uninitialized>true</uninitialized>
         <run_address>0x20000998</run_address>
         <size>0x0</size>
      </object_component>
      <object_component id="oc-189">
         <name>.bss:pui8ControlTable</name>
         <uninitialized>true</uninitialized>
         <run_address>0x20000000</run_address>
         <size>0x400</size>
         <input_file_ref idref="fl-3"/>
      </object_component>
      <object_component id="oc-18f">
         <name>.bss:g_pui8RxPing</name>
         <uninitialized>true</uninitialized>
         <run_address>0x20000678</run_address>
         <size>0x200</size>
         <input_file_ref idref="fl-3"/>
      </object_component>
      <object_component id="oc-19f">
         <name>.bss:serialPC</name>
         <uninitialized>true</uninitialized>
         <run_address>0x20000878</run_address>
         <size>0xcb</size>
         <input_file_ref idref="fl-6"/>
      </object_component>
      <object_component id="oc-1a9">
         <name>.bss:serialPcFIFO</name>
         <uninitialized>true</uninitialized>
         <run_address>0x20000400</run_address>
         <size>0x278</size>
         <input_file_ref idref="fl-6"/>
      </object_component>
      <object_component id="oc-15f">
         <name>.bss:Uart</name>
         <uninitialized>true</uninitialized>
         <run_address>0x20000943</run_address>
         <size>0x29</size>
         <input_file_ref idref="fl-a"/>
      </object_component>
      <object_component id="oc-f0">
         <name>.common:FlagTimer</name>
         <uninitialized>true</uninitialized>
         <run_address>0x20000995</run_address>
         <size>0x1</size>
      </object_component>
      <object_component id="oc-188">
         <name>.common:SSI0_data</name>
         <uninitialized>true</uninitialized>
         <run_address>0x20000992</run_address>
         <size>0x2</size>
      </object_component>
      <object_component id="oc-192">
         <name>.common:FlagSSI</name>
         <uninitialized>true</uninitialized>
         <run_address>0x2000096c</run_address>
         <size>0x1c</size>
      </object_component>
      <object_component id="oc-f3">
         <name>.common:toggle_led</name>
         <uninitialized>true</uninitialized>
         <run_address>0x2000098e</run_address>
         <size>0x4</size>
      </object_component>
      <object_component id="oc-ed">
         <name>.common:SysTick_Int_Count</name>
         <uninitialized>true</uninitialized>
         <run_address>0x20000988</run_address>
         <size>0x6</size>
      </object_component>
      <object_component id="oc-1f1">
         <name>.common:Timer1</name>
         <uninitialized>true</uninitialized>
         <run_address>0x20000996</run_address>
         <size>0x1</size>
      </object_component>
      <object_component id="oc-1eb">
         <name>.common:Timer2</name>
         <uninitialized>true</uninitialized>
         <run_address>0x20000997</run_address>
         <size>0x1</size>
      </object_component>
      <object_component id="oc-1f2">
         <name>.common:CardType</name>
         <uninitialized>true</uninitialized>
         <run_address>0x20000994</run_address>
         <size>0x1</size>
      </object_component>
      <object_component id="oc-18c">
         <name>.data</name>
         <load_address>0x20000bb4</load_address>
         <run_address>0x20000bb4</run_address>
         <size>0xa</size>
         <input_file_ref idref="fl-3"/>
      </object_component>
      <object_component id="oc-294">
         <name>.data</name>
         <load_address>0x20000bbe</load_address>
         <run_address>0x20000bbe</run_address>
         <size>0x1</size>
         <input_file_ref idref="fl-4"/>
      </object_component>
      <object_component id="oc-f6">
         <name>.data</name>
         <load_address>0x20000b98</load_address>
         <run_address>0x20000b98</run_address>
         <size>0x1a</size>
         <input_file_ref idref="fl-7"/>
      </object_component>
      <object_component id="oc-1ee">
         <name>.data</name>
         <load_address>0x20000bb2</load_address>
         <run_address>0x20000bb2</run_address>
         <size>0x2</size>
         <input_file_ref idref="fl-d"/>
      </object_component>
      <object_component id="oc-1d6">
         <name>.data</name>
         <load_address>0x20000bc8</load_address>
         <run_address>0x20000bc8</run_address>
         <size>0x8</size>
         <input_file_ref idref="fl-143"/>
      </object_component>
      <object_component id="oc-88">
         <name>.data</name>
         <load_address>0x20000bd0</load_address>
         <run_address>0x20000bd0</run_address>
         <size>0x4</size>
         <input_file_ref idref="fl-149"/>
      </object_component>
      <object_component id="oc-1d3">
         <name>.data</name>
         <load_address>0x20000bc0</load_address>
         <run_address>0x20000bc0</run_address>
         <size>0x8</size>
         <input_file_ref idref="fl-14b"/>
      </object_component>
      <object_component id="oc-1b0">
         <name>.debug_info</name>
         <load_address>0x0</load_address>
         <run_address>0x0</run_address>
         <size>0x84</size>
         <input_file_ref idref="fl-2"/>
      </object_component>
      <object_component id="oc-f1">
         <name>.debug_info</name>
         <load_address>0x84</load_address>
         <run_address>0x84</run_address>
         <size>0x677</size>
         <input_file_ref idref="fl-3"/>
      </object_component>
      <object_component id="oc-18d">
         <name>.debug_info</name>
         <load_address>0x6fb</load_address>
         <run_address>0x6fb</run_address>
         <size>0x16c</size>
         <input_file_ref idref="fl-3"/>
      </object_component>
      <object_component id="oc-18a">
         <name>.debug_info</name>
         <load_address>0x867</load_address>
         <run_address>0x867</run_address>
         <size>0xdf</size>
         <input_file_ref idref="fl-3"/>
      </object_component>
      <object_component id="oc-190">
         <name>.debug_info</name>
         <load_address>0x946</load_address>
         <run_address>0x946</run_address>
         <size>0xd6</size>
         <input_file_ref idref="fl-3"/>
      </object_component>
      <object_component id="oc-3d">
         <name>.debug_info</name>
         <load_address>0xa1c</load_address>
         <run_address>0xa1c</run_address>
         <size>0xaae</size>
         <input_file_ref idref="fl-3"/>
      </object_component>
      <object_component id="oc-1f4">
         <name>.debug_info</name>
         <load_address>0x14ca</load_address>
         <run_address>0x14ca</run_address>
         <size>0xe4</size>
         <input_file_ref idref="fl-3"/>
      </object_component>
      <object_component id="oc-1f9">
         <name>.debug_info</name>
         <load_address>0x15ae</load_address>
         <run_address>0x15ae</run_address>
         <size>0x70</size>
         <input_file_ref idref="fl-3"/>
      </object_component>
      <object_component id="oc-236">
         <name>.debug_info</name>
         <load_address>0x161e</load_address>
         <run_address>0x161e</run_address>
         <size>0x86</size>
         <input_file_ref idref="fl-3"/>
      </object_component>
      <object_component id="oc-22b">
         <name>.debug_info</name>
         <load_address>0x16a4</load_address>
         <run_address>0x16a4</run_address>
         <size>0xc3</size>
         <input_file_ref idref="fl-3"/>
      </object_component>
      <object_component id="oc-23b">
         <name>.debug_info</name>
         <load_address>0x1767</load_address>
         <run_address>0x1767</run_address>
         <size>0x2d1</size>
         <input_file_ref idref="fl-3"/>
      </object_component>
      <object_component id="oc-2fc">
         <name>.debug_info</name>
         <load_address>0x1a38</load_address>
         <run_address>0x1a38</run_address>
         <size>0x86</size>
         <input_file_ref idref="fl-3"/>
      </object_component>
      <object_component id="oc-271">
         <name>.debug_info</name>
         <load_address>0x1abe</load_address>
         <run_address>0x1abe</run_address>
         <size>0x5e</size>
         <input_file_ref idref="fl-3"/>
      </object_component>
      <object_component id="oc-29b">
         <name>.debug_info</name>
         <load_address>0x1b1c</load_address>
         <run_address>0x1b1c</run_address>
         <size>0x88</size>
         <input_file_ref idref="fl-3"/>
      </object_component>
      <object_component id="oc-164">
         <name>.debug_info</name>
         <load_address>0x1ba4</load_address>
         <run_address>0x1ba4</run_address>
         <size>0x8b</size>
         <input_file_ref idref="fl-3"/>
      </object_component>
      <object_component id="oc-fa">
         <name>.debug_info</name>
         <load_address>0x1c2f</load_address>
         <run_address>0x1c2f</run_address>
         <size>0x18b</size>
         <input_file_ref idref="fl-3"/>
      </object_component>
      <object_component id="oc-298">
         <name>.debug_info</name>
         <load_address>0x1dba</load_address>
         <run_address>0x1dba</run_address>
         <size>0x269</size>
         <input_file_ref idref="fl-4"/>
      </object_component>
      <object_component id="oc-295">
         <name>.debug_info</name>
         <load_address>0x2023</load_address>
         <run_address>0x2023</run_address>
         <size>0xda</size>
         <input_file_ref idref="fl-4"/>
      </object_component>
      <object_component id="oc-1a4">
         <name>.debug_info</name>
         <load_address>0x20fd</load_address>
         <run_address>0x20fd</run_address>
         <size>0x882</size>
         <input_file_ref idref="fl-4"/>
      </object_component>
      <object_component id="oc-f4">
         <name>.debug_info</name>
         <load_address>0x297f</load_address>
         <run_address>0x297f</run_address>
         <size>0x243</size>
         <input_file_ref idref="fl-5"/>
      </object_component>
      <object_component id="oc-e2">
         <name>.debug_info</name>
         <load_address>0x2bc2</load_address>
         <run_address>0x2bc2</run_address>
         <size>0x276</size>
         <input_file_ref idref="fl-5"/>
      </object_component>
      <object_component id="oc-1ad">
         <name>.debug_info</name>
         <load_address>0x2e38</load_address>
         <run_address>0x2e38</run_address>
         <size>0x424</size>
         <input_file_ref idref="fl-6"/>
      </object_component>
      <object_component id="oc-1a0">
         <name>.debug_info</name>
         <load_address>0x325c</load_address>
         <run_address>0x325c</run_address>
         <size>0xcc</size>
         <input_file_ref idref="fl-6"/>
      </object_component>
      <object_component id="oc-1aa">
         <name>.debug_info</name>
         <load_address>0x3328</load_address>
         <run_address>0x3328</run_address>
         <size>0xd4</size>
         <input_file_ref idref="fl-6"/>
      </object_component>
      <object_component id="oc-43">
         <name>.debug_info</name>
         <load_address>0x33fc</load_address>
         <run_address>0x33fc</run_address>
         <size>0x8b6</size>
         <input_file_ref idref="fl-6"/>
      </object_component>
      <object_component id="oc-ee">
         <name>.debug_info</name>
         <load_address>0x3cb2</load_address>
         <run_address>0x3cb2</run_address>
         <size>0x42a</size>
         <input_file_ref idref="fl-7"/>
      </object_component>
      <object_component id="oc-f7">
         <name>.debug_info</name>
         <load_address>0x40dc</load_address>
         <run_address>0x40dc</run_address>
         <size>0x244</size>
         <input_file_ref idref="fl-7"/>
      </object_component>
      <object_component id="oc-31">
         <name>.debug_info</name>
         <load_address>0x4320</load_address>
         <run_address>0x4320</run_address>
         <size>0x5d6</size>
         <input_file_ref idref="fl-7"/>
      </object_component>
      <object_component id="oc-22f">
         <name>.debug_info</name>
         <load_address>0x48f6</load_address>
         <run_address>0x48f6</run_address>
         <size>0x11c</size>
         <input_file_ref idref="fl-7"/>
      </object_component>
      <object_component id="oc-2f6">
         <name>.debug_info</name>
         <load_address>0x4a12</load_address>
         <run_address>0x4a12</run_address>
         <size>0x14a</size>
         <input_file_ref idref="fl-9"/>
      </object_component>
      <object_component id="oc-289">
         <name>.debug_info</name>
         <load_address>0x4b5c</load_address>
         <run_address>0x4b5c</run_address>
         <size>0x1418</size>
         <input_file_ref idref="fl-9"/>
      </object_component>
      <object_component id="oc-163">
         <name>.debug_info</name>
         <load_address>0x5f74</load_address>
         <run_address>0x5f74</run_address>
         <size>0x599</size>
         <input_file_ref idref="fl-a"/>
      </object_component>
      <object_component id="oc-160">
         <name>.debug_info</name>
         <load_address>0x650d</load_address>
         <run_address>0x650d</run_address>
         <size>0xc2</size>
         <input_file_ref idref="fl-a"/>
      </object_component>
      <object_component id="oc-38">
         <name>.debug_info</name>
         <load_address>0x65cf</load_address>
         <run_address>0x65cf</run_address>
         <size>0x11c2</size>
         <input_file_ref idref="fl-a"/>
      </object_component>
      <object_component id="oc-4a">
         <name>.debug_info</name>
         <load_address>0x7791</load_address>
         <run_address>0x7791</run_address>
         <size>0x2dd</size>
         <input_file_ref idref="fl-b"/>
      </object_component>
      <object_component id="oc-10">
         <name>.debug_info</name>
         <load_address>0x7a6e</load_address>
         <run_address>0x7a6e</run_address>
         <size>0xe4</size>
         <input_file_ref idref="fl-b"/>
      </object_component>
      <object_component id="oc-2b">
         <name>.debug_info</name>
         <load_address>0x7b52</load_address>
         <run_address>0x7b52</run_address>
         <size>0x260</size>
         <input_file_ref idref="fl-b"/>
      </object_component>
      <object_component id="oc-1ec">
         <name>.debug_info</name>
         <load_address>0x7db2</load_address>
         <run_address>0x7db2</run_address>
         <size>0x173</size>
         <input_file_ref idref="fl-d"/>
      </object_component>
      <object_component id="oc-1ef">
         <name>.debug_info</name>
         <load_address>0x7f25</load_address>
         <run_address>0x7f25</run_address>
         <size>0xf2</size>
         <input_file_ref idref="fl-d"/>
      </object_component>
      <object_component id="oc-a8">
         <name>.debug_info</name>
         <load_address>0x8017</load_address>
         <run_address>0x8017</run_address>
         <size>0x1a4f</size>
         <input_file_ref idref="fl-d"/>
      </object_component>
      <object_component id="oc-24a">
         <name>.debug_info</name>
         <load_address>0x9a66</load_address>
         <run_address>0x9a66</run_address>
         <size>0x1ce</size>
         <input_file_ref idref="fl-13"/>
      </object_component>
      <object_component id="oc-151">
         <name>.debug_info</name>
         <load_address>0x9c34</load_address>
         <run_address>0x9c34</run_address>
         <size>0x1e9</size>
         <input_file_ref idref="fl-13"/>
      </object_component>
      <object_component id="oc-10f">
         <name>.debug_info</name>
         <load_address>0x9e1d</load_address>
         <run_address>0x9e1d</run_address>
         <size>0x1e3</size>
         <input_file_ref idref="fl-13"/>
      </object_component>
      <object_component id="oc-139">
         <name>.debug_info</name>
         <load_address>0xa000</load_address>
         <run_address>0xa000</run_address>
         <size>0x1f3</size>
         <input_file_ref idref="fl-13"/>
      </object_component>
      <object_component id="oc-109">
         <name>.debug_info</name>
         <load_address>0xa1f3</load_address>
         <run_address>0xa1f3</run_address>
         <size>0x1f1</size>
         <input_file_ref idref="fl-13"/>
      </object_component>
      <object_component id="oc-14b">
         <name>.debug_info</name>
         <load_address>0xa3e4</load_address>
         <run_address>0xa3e4</run_address>
         <size>0x233</size>
         <input_file_ref idref="fl-13"/>
      </object_component>
      <object_component id="oc-145">
         <name>.debug_info</name>
         <load_address>0xa617</load_address>
         <run_address>0xa617</run_address>
         <size>0x1b3</size>
         <input_file_ref idref="fl-13"/>
      </object_component>
      <object_component id="oc-13f">
         <name>.debug_info</name>
         <load_address>0xa7ca</load_address>
         <run_address>0xa7ca</run_address>
         <size>0x1ab</size>
         <input_file_ref idref="fl-13"/>
      </object_component>
      <object_component id="oc-265">
         <name>.debug_info</name>
         <load_address>0xa975</load_address>
         <run_address>0xa975</run_address>
         <size>0x233</size>
         <input_file_ref idref="fl-13"/>
      </object_component>
      <object_component id="oc-133">
         <name>.debug_info</name>
         <load_address>0xaba8</load_address>
         <run_address>0xaba8</run_address>
         <size>0x28a</size>
         <input_file_ref idref="fl-13"/>
      </object_component>
      <object_component id="oc-157">
         <name>.debug_info</name>
         <load_address>0xae32</load_address>
         <run_address>0xae32</run_address>
         <size>0x1f5</size>
         <input_file_ref idref="fl-13"/>
      </object_component>
      <object_component id="oc-121">
         <name>.debug_info</name>
         <load_address>0xb027</load_address>
         <run_address>0xb027</run_address>
         <size>0x1b7</size>
         <input_file_ref idref="fl-13"/>
      </object_component>
      <object_component id="oc-15d">
         <name>.debug_info</name>
         <load_address>0xb1de</load_address>
         <run_address>0xb1de</run_address>
         <size>0x25d</size>
         <input_file_ref idref="fl-13"/>
      </object_component>
      <object_component id="oc-11b">
         <name>.debug_info</name>
         <load_address>0xb43b</load_address>
         <run_address>0xb43b</run_address>
         <size>0x237</size>
         <input_file_ref idref="fl-13"/>
      </object_component>
      <object_component id="oc-292">
         <name>.debug_info</name>
         <load_address>0xb672</load_address>
         <run_address>0xb672</run_address>
         <size>0x1ab</size>
         <input_file_ref idref="fl-13"/>
      </object_component>
      <object_component id="oc-20a">
         <name>.debug_info</name>
         <load_address>0xb81d</load_address>
         <run_address>0xb81d</run_address>
         <size>0x90</size>
         <input_file_ref idref="fl-13"/>
      </object_component>
      <object_component id="oc-1e2">
         <name>.debug_info</name>
         <load_address>0xb8ad</load_address>
         <run_address>0xb8ad</run_address>
         <size>0x18b</size>
         <input_file_ref idref="fl-13"/>
      </object_component>
      <object_component id="oc-201">
         <name>.debug_info</name>
         <load_address>0xba38</load_address>
         <run_address>0xba38</run_address>
         <size>0x1cf</size>
         <input_file_ref idref="fl-14"/>
      </object_component>
      <object_component id="oc-eb">
         <name>.debug_info</name>
         <load_address>0xbc07</load_address>
         <run_address>0xbc07</run_address>
         <size>0x1ee</size>
         <input_file_ref idref="fl-14"/>
      </object_component>
      <object_component id="oc-ba">
         <name>.debug_info</name>
         <load_address>0xbdf5</load_address>
         <run_address>0xbdf5</run_address>
         <size>0x21e</size>
         <input_file_ref idref="fl-14"/>
      </object_component>
      <object_component id="oc-d2">
         <name>.debug_info</name>
         <load_address>0xc013</load_address>
         <run_address>0xc013</run_address>
         <size>0x1f8</size>
         <input_file_ref idref="fl-14"/>
      </object_component>
      <object_component id="oc-de">
         <name>.debug_info</name>
         <load_address>0xc20b</load_address>
         <run_address>0xc20b</run_address>
         <size>0x1f6</size>
         <input_file_ref idref="fl-14"/>
      </object_component>
      <object_component id="oc-d8">
         <name>.debug_info</name>
         <load_address>0xc401</load_address>
         <run_address>0xc401</run_address>
         <size>0x1e3</size>
         <input_file_ref idref="fl-14"/>
      </object_component>
      <object_component id="oc-b2">
         <name>.debug_info</name>
         <load_address>0xc5e4</load_address>
         <run_address>0xc5e4</run_address>
         <size>0x1f0</size>
         <input_file_ref idref="fl-14"/>
      </object_component>
      <object_component id="oc-1e8">
         <name>.debug_info</name>
         <load_address>0xc7d4</load_address>
         <run_address>0xc7d4</run_address>
         <size>0x144</size>
         <input_file_ref idref="fl-15"/>
      </object_component>
      <object_component id="oc-94">
         <name>.debug_info</name>
         <load_address>0xc918</load_address>
         <run_address>0xc918</run_address>
         <size>0x1c5</size>
         <input_file_ref idref="fl-15"/>
      </object_component>
      <object_component id="oc-9a">
         <name>.debug_info</name>
         <load_address>0xcadd</load_address>
         <run_address>0xcadd</run_address>
         <size>0x18b</size>
         <input_file_ref idref="fl-15"/>
      </object_component>
      <object_component id="oc-a0">
         <name>.debug_info</name>
         <load_address>0xcc68</load_address>
         <run_address>0xcc68</run_address>
         <size>0x185</size>
         <input_file_ref idref="fl-15"/>
      </object_component>
      <object_component id="oc-1ff">
         <name>.debug_info</name>
         <load_address>0xcded</load_address>
         <run_address>0xcded</run_address>
         <size>0x226</size>
         <input_file_ref idref="fl-16"/>
      </object_component>
      <object_component id="oc-1df">
         <name>.debug_info</name>
         <load_address>0xd013</load_address>
         <run_address>0xd013</run_address>
         <size>0xff</size>
         <input_file_ref idref="fl-16"/>
      </object_component>
      <object_component id="oc-ac">
         <name>.debug_info</name>
         <load_address>0xd112</load_address>
         <run_address>0xd112</run_address>
         <size>0x1e1</size>
         <input_file_ref idref="fl-16"/>
      </object_component>
      <object_component id="oc-17c">
         <name>.debug_info</name>
         <load_address>0xd2f3</load_address>
         <run_address>0xd2f3</run_address>
         <size>0x363</size>
         <input_file_ref idref="fl-16"/>
      </object_component>
      <object_component id="oc-8e">
         <name>.debug_info</name>
         <load_address>0xd656</load_address>
         <run_address>0xd656</run_address>
         <size>0x219</size>
         <input_file_ref idref="fl-16"/>
      </object_component>
      <object_component id="oc-2cf">
         <name>.debug_info</name>
         <load_address>0xd86f</load_address>
         <run_address>0xd86f</run_address>
         <size>0x5f</size>
         <input_file_ref idref="fl-16"/>
      </object_component>
      <object_component id="oc-27a">
         <name>.debug_info</name>
         <load_address>0xd8ce</load_address>
         <run_address>0xd8ce</run_address>
         <size>0x1c3</size>
         <input_file_ref idref="fl-17"/>
      </object_component>
      <object_component id="oc-176">
         <name>.debug_info</name>
         <load_address>0xda91</load_address>
         <run_address>0xda91</run_address>
         <size>0x1a6</size>
         <input_file_ref idref="fl-17"/>
      </object_component>
      <object_component id="oc-183">
         <name>.debug_info</name>
         <load_address>0xdc37</load_address>
         <run_address>0xdc37</run_address>
         <size>0x1fe</size>
         <input_file_ref idref="fl-17"/>
      </object_component>
      <object_component id="oc-194">
         <name>.debug_info</name>
         <load_address>0xde35</load_address>
         <run_address>0xde35</run_address>
         <size>0x1ee</size>
         <input_file_ref idref="fl-17"/>
      </object_component>
      <object_component id="oc-19a">
         <name>.debug_info</name>
         <load_address>0xe023</load_address>
         <run_address>0xe023</run_address>
         <size>0x1f0</size>
         <input_file_ref idref="fl-17"/>
      </object_component>
      <object_component id="oc-170">
         <name>.debug_info</name>
         <load_address>0xe213</load_address>
         <run_address>0xe213</run_address>
         <size>0x3c2</size>
         <input_file_ref idref="fl-17"/>
      </object_component>
      <object_component id="oc-213">
         <name>.debug_info</name>
         <load_address>0xe5d5</load_address>
         <run_address>0xe5d5</run_address>
         <size>0x1ba</size>
         <input_file_ref idref="fl-18"/>
      </object_component>
      <object_component id="oc-210">
         <name>.debug_info</name>
         <load_address>0xe78f</load_address>
         <run_address>0xe78f</run_address>
         <size>0x1c2</size>
         <input_file_ref idref="fl-18"/>
      </object_component>
      <object_component id="oc-215">
         <name>.debug_info</name>
         <load_address>0xe951</load_address>
         <run_address>0xe951</run_address>
         <size>0x100</size>
         <input_file_ref idref="fl-18"/>
      </object_component>
      <object_component id="oc-cb">
         <name>.debug_info</name>
         <load_address>0xea51</load_address>
         <run_address>0xea51</run_address>
         <size>0x22d</size>
         <input_file_ref idref="fl-18"/>
      </object_component>
      <object_component id="oc-bf">
         <name>.debug_info</name>
         <load_address>0xec7e</load_address>
         <run_address>0xec7e</run_address>
         <size>0x1a2</size>
         <input_file_ref idref="fl-18"/>
      </object_component>
      <object_component id="oc-2f1">
         <name>.debug_info</name>
         <load_address>0xee20</load_address>
         <run_address>0xee20</run_address>
         <size>0x1a4</size>
         <input_file_ref idref="fl-18"/>
      </object_component>
      <object_component id="oc-c6">
         <name>.debug_info</name>
         <load_address>0xefc4</load_address>
         <run_address>0xefc4</run_address>
         <size>0x1cc</size>
         <input_file_ref idref="fl-18"/>
      </object_component>
      <object_component id="oc-24d">
         <name>.debug_info</name>
         <load_address>0xf190</load_address>
         <run_address>0xf190</run_address>
         <size>0x1d7</size>
         <input_file_ref idref="fl-19"/>
      </object_component>
      <object_component id="oc-251">
         <name>.debug_info</name>
         <load_address>0xf367</load_address>
         <run_address>0xf367</run_address>
         <size>0x10d</size>
         <input_file_ref idref="fl-19"/>
      </object_component>
      <object_component id="oc-112">
         <name>.debug_info</name>
         <load_address>0xf474</load_address>
         <run_address>0xf474</run_address>
         <size>0x207</size>
         <input_file_ref idref="fl-19"/>
      </object_component>
      <object_component id="oc-255">
         <name>.debug_info</name>
         <load_address>0xf67b</load_address>
         <run_address>0xf67b</run_address>
         <size>0x217</size>
         <input_file_ref idref="fl-19"/>
      </object_component>
      <object_component id="oc-25b">
         <name>.debug_info</name>
         <load_address>0xf892</load_address>
         <run_address>0xf892</run_address>
         <size>0x312</size>
         <input_file_ref idref="fl-19"/>
      </object_component>
      <object_component id="oc-12a">
         <name>.debug_info</name>
         <load_address>0xfba4</load_address>
         <run_address>0xfba4</run_address>
         <size>0x1df</size>
         <input_file_ref idref="fl-19"/>
      </object_component>
      <object_component id="oc-16a">
         <name>.debug_info</name>
         <load_address>0xfd83</load_address>
         <run_address>0xfd83</run_address>
         <size>0x1dd</size>
         <input_file_ref idref="fl-19"/>
      </object_component>
      <object_component id="oc-21c">
         <name>.debug_info</name>
         <load_address>0xff60</load_address>
         <run_address>0xff60</run_address>
         <size>0x1eb</size>
         <input_file_ref idref="fl-19"/>
      </object_component>
      <object_component id="oc-222">
         <name>.debug_info</name>
         <load_address>0x1014b</load_address>
         <run_address>0x1014b</run_address>
         <size>0x1df</size>
         <input_file_ref idref="fl-19"/>
      </object_component>
      <object_component id="oc-124">
         <name>.debug_info</name>
         <load_address>0x1032a</load_address>
         <run_address>0x1032a</run_address>
         <size>0x1e4</size>
         <input_file_ref idref="fl-19"/>
      </object_component>
      <object_component id="oc-204">
         <name>.debug_info</name>
         <load_address>0x1050e</load_address>
         <run_address>0x1050e</run_address>
         <size>0x176</size>
         <input_file_ref idref="fl-1a"/>
      </object_component>
      <object_component id="oc-30e">
         <name>.debug_info</name>
         <load_address>0x10684</load_address>
         <run_address>0x10684</run_address>
         <size>0x173</size>
         <input_file_ref idref="fl-1a"/>
      </object_component>
      <object_component id="oc-248">
         <name>.debug_info</name>
         <load_address>0x107f7</load_address>
         <run_address>0x107f7</run_address>
         <size>0xf7</size>
         <input_file_ref idref="fl-13d"/>
      </object_component>
      <object_component id="oc-100">
         <name>.debug_info</name>
         <load_address>0x108ee</load_address>
         <run_address>0x108ee</run_address>
         <size>0x154</size>
         <input_file_ref idref="fl-13d"/>
      </object_component>
      <object_component id="oc-26">
         <name>.debug_info</name>
         <load_address>0x10a42</load_address>
         <run_address>0x10a42</run_address>
         <size>0x138</size>
         <input_file_ref idref="fl-13e"/>
      </object_component>
      <object_component id="oc-56">
         <name>.debug_info</name>
         <load_address>0x10b7a</load_address>
         <run_address>0x10b7a</run_address>
         <size>0x123</size>
         <input_file_ref idref="fl-13f"/>
      </object_component>
      <object_component id="oc-14">
         <name>.debug_info</name>
         <load_address>0x10c9d</load_address>
         <run_address>0x10c9d</run_address>
         <size>0x1c2</size>
         <input_file_ref idref="fl-13f"/>
      </object_component>
      <object_component id="oc-51">
         <name>.debug_info</name>
         <load_address>0x10e5f</load_address>
         <run_address>0x10e5f</run_address>
         <size>0x46</size>
         <input_file_ref idref="fl-13f"/>
      </object_component>
      <object_component id="oc-1b6">
         <name>.debug_info</name>
         <load_address>0x10ea5</load_address>
         <run_address>0x10ea5</run_address>
         <size>0x2c</size>
         <input_file_ref idref="fl-13f"/>
      </object_component>
      <object_component id="oc-5e">
         <name>.debug_info</name>
         <load_address>0x10ed1</load_address>
         <run_address>0x10ed1</run_address>
         <size>0x117</size>
         <input_file_ref idref="fl-140"/>
      </object_component>
      <object_component id="oc-5a">
         <name>.debug_info</name>
         <load_address>0x10fe8</load_address>
         <run_address>0x10fe8</run_address>
         <size>0x22a</size>
         <input_file_ref idref="fl-140"/>
      </object_component>
      <object_component id="oc-19">
         <name>.debug_info</name>
         <load_address>0x11212</load_address>
         <run_address>0x11212</run_address>
         <size>0x1bc</size>
         <input_file_ref idref="fl-140"/>
      </object_component>
      <object_component id="oc-5f">
         <name>.debug_info</name>
         <load_address>0x113ce</load_address>
         <run_address>0x113ce</run_address>
         <size>0x39</size>
         <input_file_ref idref="fl-140"/>
      </object_component>
      <object_component id="oc-1c0">
         <name>.debug_info</name>
         <load_address>0x11407</load_address>
         <run_address>0x11407</run_address>
         <size>0x2c</size>
         <input_file_ref idref="fl-140"/>
      </object_component>
      <object_component id="oc-6f">
         <name>.debug_info</name>
         <load_address>0x11433</load_address>
         <run_address>0x11433</run_address>
         <size>0x112</size>
         <input_file_ref idref="fl-141"/>
      </object_component>
      <object_component id="oc-21">
         <name>.debug_info</name>
         <load_address>0x11545</load_address>
         <run_address>0x11545</run_address>
         <size>0x18d</size>
         <input_file_ref idref="fl-141"/>
      </object_component>
      <object_component id="oc-6a">
         <name>.debug_info</name>
         <load_address>0x116d2</load_address>
         <run_address>0x116d2</run_address>
         <size>0x46</size>
         <input_file_ref idref="fl-141"/>
      </object_component>
      <object_component id="oc-2e1">
         <name>.debug_info</name>
         <load_address>0x11718</load_address>
         <run_address>0x11718</run_address>
         <size>0xd1</size>
         <input_file_ref idref="fl-142"/>
      </object_component>
      <object_component id="oc-245">
         <name>.debug_info</name>
         <load_address>0x117e9</load_address>
         <run_address>0x117e9</run_address>
         <size>0xdd</size>
         <input_file_ref idref="fl-142"/>
      </object_component>
      <object_component id="oc-1da">
         <name>.debug_info</name>
         <load_address>0x118c6</load_address>
         <run_address>0x118c6</run_address>
         <size>0x174</size>
         <input_file_ref idref="fl-143"/>
      </object_component>
      <object_component id="oc-1d7">
         <name>.debug_info</name>
         <load_address>0x11a3a</load_address>
         <run_address>0x11a3a</run_address>
         <size>0x119</size>
         <input_file_ref idref="fl-143"/>
      </object_component>
      <object_component id="oc-84">
         <name>.debug_info</name>
         <load_address>0x11b53</load_address>
         <run_address>0x11b53</run_address>
         <size>0x1f0</size>
         <input_file_ref idref="fl-143"/>
      </object_component>
      <object_component id="oc-4c">
         <name>.debug_info</name>
         <load_address>0x11d43</load_address>
         <run_address>0x11d43</run_address>
         <size>0xfa</size>
         <input_file_ref idref="fl-146"/>
      </object_component>
      <object_component id="oc-65">
         <name>.debug_info</name>
         <load_address>0x11e3d</load_address>
         <run_address>0x11e3d</run_address>
         <size>0x12a</size>
         <input_file_ref idref="fl-147"/>
      </object_component>
      <object_component id="oc-71">
         <name>.debug_info</name>
         <load_address>0x11f67</load_address>
         <run_address>0x11f67</run_address>
         <size>0x12b</size>
         <input_file_ref idref="fl-148"/>
      </object_component>
      <object_component id="oc-89">
         <name>.debug_info</name>
         <load_address>0x12092</load_address>
         <run_address>0x12092</run_address>
         <size>0xec</size>
         <input_file_ref idref="fl-149"/>
      </object_component>
      <object_component id="oc-2bf">
         <name>.debug_info</name>
         <load_address>0x1217e</load_address>
         <run_address>0x1217e</run_address>
         <size>0x107</size>
         <input_file_ref idref="fl-14b"/>
      </object_component>
      <object_component id="oc-1d4">
         <name>.debug_info</name>
         <load_address>0x12285</load_address>
         <run_address>0x12285</run_address>
         <size>0xf6</size>
         <input_file_ref idref="fl-14b"/>
      </object_component>
      <object_component id="oc-2b8">
         <name>.debug_info</name>
         <load_address>0x1237b</load_address>
         <run_address>0x1237b</run_address>
         <size>0x202</size>
         <input_file_ref idref="fl-14b"/>
      </object_component>
      <object_component id="oc-1d2">
         <name>.debug_info</name>
         <load_address>0x1257d</load_address>
         <run_address>0x1257d</run_address>
         <size>0x149</size>
         <input_file_ref idref="fl-14c"/>
      </object_component>
      <object_component id="oc-7e">
         <name>.debug_info</name>
         <load_address>0x126c6</load_address>
         <run_address>0x126c6</run_address>
         <size>0x14a</size>
         <input_file_ref idref="fl-14c"/>
      </object_component>
      <object_component id="oc-2b2">
         <name>.debug_info</name>
         <load_address>0x12810</load_address>
         <run_address>0x12810</run_address>
         <size>0x5e</size>
         <input_file_ref idref="fl-14c"/>
      </object_component>
      <object_component id="oc-1d0">
         <name>.debug_info</name>
         <load_address>0x1286e</load_address>
         <run_address>0x1286e</run_address>
         <size>0x2a0</size>
         <input_file_ref idref="fl-14d"/>
      </object_component>
      <object_component id="oc-77">
         <name>.debug_info</name>
         <load_address>0x12b0e</load_address>
         <run_address>0x12b0e</run_address>
         <size>0x15a</size>
         <input_file_ref idref="fl-14d"/>
      </object_component>
      <object_component id="oc-2a6">
         <name>.debug_info</name>
         <load_address>0x12c68</load_address>
         <run_address>0x12c68</run_address>
         <size>0x39</size>
         <input_file_ref idref="fl-14d"/>
      </object_component>
      <object_component id="oc-2ab">
         <name>.debug_info</name>
         <load_address>0x12ca1</load_address>
         <run_address>0x12ca1</run_address>
         <size>0xcd</size>
         <input_file_ref idref="fl-14d"/>
      </object_component>
      <object_component id="oc-2a3">
         <name>.debug_info</name>
         <load_address>0x12d6e</load_address>
         <run_address>0x12d6e</run_address>
         <size>0x1c3</size>
         <input_file_ref idref="fl-14e"/>
      </object_component>
      <object_component id="oc-1ca">
         <name>.debug_info</name>
         <load_address>0x12f31</load_address>
         <run_address>0x12f31</run_address>
         <size>0x17f</size>
         <input_file_ref idref="fl-14e"/>
      </object_component>
      <object_component id="oc-303">
         <name>.debug_info</name>
         <load_address>0x130b0</load_address>
         <run_address>0x130b0</run_address>
         <size>0x2c</size>
         <input_file_ref idref="fl-14e"/>
      </object_component>
      <object_component id="oc-33d">
         <name>.debug_info</name>
         <load_address>0x130dc</load_address>
         <run_address>0x130dc</run_address>
         <size>0x9e</size>
      </object_component>
      <object_component id="oc-1b3">
         <name>.debug_line</name>
         <load_address>0x0</load_address>
         <run_address>0x0</run_address>
         <size>0x20</size>
         <input_file_ref idref="fl-2"/>
      </object_component>
      <object_component id="oc-235">
         <name>.debug_line</name>
         <load_address>0x20</load_address>
         <run_address>0x20</run_address>
         <size>0x16d</size>
         <input_file_ref idref="fl-3"/>
      </object_component>
      <object_component id="oc-281">
         <name>.debug_line</name>
         <load_address>0x18d</load_address>
         <run_address>0x18d</run_address>
         <size>0x34</size>
         <input_file_ref idref="fl-3"/>
      </object_component>
      <object_component id="oc-27f">
         <name>.debug_line</name>
         <load_address>0x1c1</load_address>
         <run_address>0x1c1</run_address>
         <size>0x34</size>
         <input_file_ref idref="fl-3"/>
      </object_component>
      <object_component id="oc-283">
         <name>.debug_line</name>
         <load_address>0x1f5</load_address>
         <run_address>0x1f5</run_address>
         <size>0x34</size>
         <input_file_ref idref="fl-3"/>
      </object_component>
      <object_component id="oc-40">
         <name>.debug_line</name>
         <load_address>0x229</load_address>
         <run_address>0x229</run_address>
         <size>0x2ce</size>
         <input_file_ref idref="fl-3"/>
      </object_component>
      <object_component id="oc-1f7">
         <name>.debug_line</name>
         <load_address>0x4f7</load_address>
         <run_address>0x4f7</run_address>
         <size>0x37</size>
         <input_file_ref idref="fl-3"/>
      </object_component>
      <object_component id="oc-1fc">
         <name>.debug_line</name>
         <load_address>0x52e</load_address>
         <run_address>0x52e</run_address>
         <size>0x36</size>
         <input_file_ref idref="fl-3"/>
      </object_component>
      <object_component id="oc-239">
         <name>.debug_line</name>
         <load_address>0x564</load_address>
         <run_address>0x564</run_address>
         <size>0x31</size>
         <input_file_ref idref="fl-3"/>
      </object_component>
      <object_component id="oc-22d">
         <name>.debug_line</name>
         <load_address>0x595</load_address>
         <run_address>0x595</run_address>
         <size>0x30</size>
         <input_file_ref idref="fl-3"/>
      </object_component>
      <object_component id="oc-23e">
         <name>.debug_line</name>
         <load_address>0x5c5</load_address>
         <run_address>0x5c5</run_address>
         <size>0x34</size>
         <input_file_ref idref="fl-3"/>
      </object_component>
      <object_component id="oc-2ff">
         <name>.debug_line</name>
         <load_address>0x5f9</load_address>
         <run_address>0x5f9</run_address>
         <size>0x57</size>
         <input_file_ref idref="fl-3"/>
      </object_component>
      <object_component id="oc-274">
         <name>.debug_line</name>
         <load_address>0x650</load_address>
         <run_address>0x650</run_address>
         <size>0x2f</size>
         <input_file_ref idref="fl-3"/>
      </object_component>
      <object_component id="oc-29e">
         <name>.debug_line</name>
         <load_address>0x67f</load_address>
         <run_address>0x67f</run_address>
         <size>0x2f</size>
         <input_file_ref idref="fl-3"/>
      </object_component>
      <object_component id="oc-167">
         <name>.debug_line</name>
         <load_address>0x6ae</load_address>
         <run_address>0x6ae</run_address>
         <size>0x20</size>
         <input_file_ref idref="fl-3"/>
      </object_component>
      <object_component id="oc-fd">
         <name>.debug_line</name>
         <load_address>0x6ce</load_address>
         <run_address>0x6ce</run_address>
         <size>0x60</size>
         <input_file_ref idref="fl-3"/>
      </object_component>
      <object_component id="oc-2fb">
         <name>.debug_line</name>
         <load_address>0x72e</load_address>
         <run_address>0x72e</run_address>
         <size>0x8f</size>
         <input_file_ref idref="fl-4"/>
      </object_component>
      <object_component id="oc-2f9">
         <name>.debug_line</name>
         <load_address>0x7bd</load_address>
         <run_address>0x7bd</run_address>
         <size>0x2f</size>
         <input_file_ref idref="fl-4"/>
      </object_component>
      <object_component id="oc-1a7">
         <name>.debug_line</name>
         <load_address>0x7ec</load_address>
         <run_address>0x7ec</run_address>
         <size>0x155</size>
         <input_file_ref idref="fl-4"/>
      </object_component>
      <object_component id="oc-241">
         <name>.debug_line</name>
         <load_address>0x941</load_address>
         <run_address>0x941</run_address>
         <size>0x9f</size>
         <input_file_ref idref="fl-5"/>
      </object_component>
      <object_component id="oc-e5">
         <name>.debug_line</name>
         <load_address>0x9e0</load_address>
         <run_address>0x9e0</run_address>
         <size>0x87</size>
         <input_file_ref idref="fl-5"/>
      </object_component>
      <object_component id="oc-2a1">
         <name>.debug_line</name>
         <load_address>0xa67</load_address>
         <run_address>0xa67</run_address>
         <size>0x123</size>
         <input_file_ref idref="fl-6"/>
      </object_component>
      <object_component id="oc-287">
         <name>.debug_line</name>
         <load_address>0xb8a</load_address>
         <run_address>0xb8a</run_address>
         <size>0x31</size>
         <input_file_ref idref="fl-6"/>
      </object_component>
      <object_component id="oc-29a">
         <name>.debug_line</name>
         <load_address>0xbbb</load_address>
         <run_address>0xbbb</run_address>
         <size>0x31</size>
         <input_file_ref idref="fl-6"/>
      </object_component>
      <object_component id="oc-46">
         <name>.debug_line</name>
         <load_address>0xbec</load_address>
         <run_address>0xbec</run_address>
         <size>0x17d</size>
         <input_file_ref idref="fl-6"/>
      </object_component>
      <object_component id="oc-22a">
         <name>.debug_line</name>
         <load_address>0xd69</load_address>
         <run_address>0xd69</run_address>
         <size>0x14e</size>
         <input_file_ref idref="fl-7"/>
      </object_component>
      <object_component id="oc-243">
         <name>.debug_line</name>
         <load_address>0xeb7</load_address>
         <run_address>0xeb7</run_address>
         <size>0x30</size>
         <input_file_ref idref="fl-7"/>
      </object_component>
      <object_component id="oc-34">
         <name>.debug_line</name>
         <load_address>0xee7</load_address>
         <run_address>0xee7</run_address>
         <size>0x140</size>
         <input_file_ref idref="fl-7"/>
      </object_component>
      <object_component id="oc-232">
         <name>.debug_line</name>
         <load_address>0x1027</load_address>
         <run_address>0x1027</run_address>
         <size>0x30</size>
         <input_file_ref idref="fl-7"/>
      </object_component>
      <object_component id="oc-315">
         <name>.debug_line</name>
         <load_address>0x1057</load_address>
         <run_address>0x1057</run_address>
         <size>0x5d</size>
         <input_file_ref idref="fl-9"/>
      </object_component>
      <object_component id="oc-28c">
         <name>.debug_line</name>
         <load_address>0x10b4</load_address>
         <run_address>0x10b4</run_address>
         <size>0x26a</size>
         <input_file_ref idref="fl-9"/>
      </object_component>
      <object_component id="oc-277">
         <name>.debug_line</name>
         <load_address>0x131e</load_address>
         <run_address>0x131e</run_address>
         <size>0x154</size>
         <input_file_ref idref="fl-a"/>
      </object_component>
      <object_component id="oc-270">
         <name>.debug_line</name>
         <load_address>0x1472</load_address>
         <run_address>0x1472</run_address>
         <size>0x2f</size>
         <input_file_ref idref="fl-a"/>
      </object_component>
      <object_component id="oc-37">
         <name>.debug_line</name>
         <load_address>0x14a1</load_address>
         <run_address>0x14a1</run_address>
         <size>0x2c0</size>
         <input_file_ref idref="fl-a"/>
      </object_component>
      <object_component id="oc-1af">
         <name>.debug_line</name>
         <load_address>0x1761</load_address>
         <run_address>0x1761</run_address>
         <size>0x41</size>
         <input_file_ref idref="fl-b"/>
      </object_component>
      <object_component id="oc-49">
         <name>.debug_line</name>
         <load_address>0x17a2</load_address>
         <run_address>0x17a2</run_address>
         <size>0x41</size>
         <input_file_ref idref="fl-b"/>
      </object_component>
      <object_component id="oc-2f">
         <name>.debug_line</name>
         <load_address>0x17e3</load_address>
         <run_address>0x17e3</run_address>
         <size>0xa1</size>
         <input_file_ref idref="fl-b"/>
      </object_component>
      <object_component id="oc-2ca">
         <name>.debug_line</name>
         <load_address>0x1884</load_address>
         <run_address>0x1884</run_address>
         <size>0x54</size>
         <input_file_ref idref="fl-d"/>
      </object_component>
      <object_component id="oc-2cc">
         <name>.debug_line</name>
         <load_address>0x18d8</load_address>
         <run_address>0x18d8</run_address>
         <size>0x3e</size>
[...]
         <object_component_ref idref="oc-288"/>
      </symbol>
      <symbol id="sm-234">
         <name>RingBufFull</name>
         <value>0x1e5b</value>
         <object_component_ref idref="oc-288"/>
      </symbol>
      <symbol id="sm-235">
         <name>RingBufSize</name>
         <value>0x1f91</value>
         <object_component_ref idref="oc-288"/>
      </symbol>
      <symbol id="sm-236">
         <name>RingBufContigFree</name>
         <value>0x1f55</value>
         <object_component_ref idref="oc-288"/>
      </symbol>
      <symbol id="sm-237">
         <name>RingBufWriteOne</name>
         <value>0x209d</value>
         <object_component_ref idref="oc-288"/>
      </symbol>
      <symbol id="sm-238">
         <name>RingBufFlush</name>
         <value>0x1ebf</value>
         <object_component_ref idref="oc-288"/>
      </symbol>
      <symbol id="sm-239">
         <name>RingBufContigUsed</name>
         <value>0x1f27</value>
         <object_component_ref idref="oc-288"/>
      </symbol>
      <symbol id="sm-23a">
         <name>RingBufWrite</name>
         <value>0x20c3</value>
         <object_component_ref idref="oc-288"/>
      </symbol>
      <symbol id="sm-23b">
         <name>RingBufFree</name>
         <value>0x1f11</value>
         <object_component_ref idref="oc-288"/>
      </symbol>
      <symbol id="sm-23c">
         <name>RingBufRead</name>
         <value>0x1fc5</value>
         <object_component_ref idref="oc-288"/>
      </symbol>
      <symbol id="sm-23d">
         <name>RingBufReadOne</name>
         <value>0x1f9f</value>
         <object_component_ref idref="oc-288"/>
      </symbol>
      <symbol id="sm-23e">
         <name>RingBufUsed</name>
         <value>0x1edf</value>
         <object_component_ref idref="oc-288"/>
      </symbol>
      <symbol id="sm-23f">
         <name>RingBufEmpty</name>
         <value>0x1e95</value>
         <object_component_ref idref="oc-288"/>
      </symbol>
      <symbol id="sm-240">
         <name>RingBufAdvanceWrite</name>
         <value>0x2029</value>
         <object_component_ref idref="oc-288"/>
      </symbol>
      <symbol id="sm-29b">
         <name>UART5_Interrupt_Handler</name>
         <value>0x1737</value>
         <object_component_ref idref="oc-36"/>
      </symbol>
      <symbol id="sm-29c">
         <name>UART1_Interrupt_Handler</name>
         <value>0x168b</value>
         <object_component_ref idref="oc-36"/>
      </symbol>
      <symbol id="sm-29d">
         <name>SerialPutStr_NonTer</name>
         <value>0x1a35</value>
         <object_component_ref idref="oc-36"/>
      </symbol>
      <symbol id="sm-29e">
         <name>set_position</name>
         <value>0x1631</value>
         <object_component_ref idref="oc-36"/>
      </symbol>
      <symbol id="sm-29f">
         <name>UART0_Interrupt_Handler</name>
         <value>0x16dd</value>
         <object_component_ref idref="oc-36"/>
      </symbol>
      <symbol id="sm-2a0">
         <name>SerialPutStrLn</name>
         <value>0x19fd</value>
         <object_component_ref idref="oc-36"/>
      </symbol>
      <symbol id="sm-2a1">
         <name>Uart</name>
         <value>0x20000943</value>
         <object_component_ref idref="oc-15f"/>
      </symbol>
      <symbol id="sm-2a2">
         <name>UART6_Interrupt_Handler</name>
         <value>0x1671</value>
         <object_component_ref idref="oc-36"/>
      </symbol>
      <symbol id="sm-2a3">
         <name>SerialPutChar</name>
         <value>0x19b1</value>
         <object_component_ref idref="oc-36"/>
      </symbol>
      <symbol id="sm-2a4">
         <name>UART5_Init</name>
         <value>0x183d</value>
         <object_component_ref idref="oc-36"/>
      </symbol>
      <symbol id="sm-2a5">
         <name>UART6_Init</name>
         <value>0x17e5</value>
         <object_component_ref idref="oc-36"/>
      </symbol>
      <symbol id="sm-2a6">
         <name>UART0_Init</name>
         <value>0x18b1</value>
         <object_component_ref idref="oc-36"/>
      </symbol>
      <symbol id="sm-2a7">
         <name>UART1_Init</name>
         <value>0x1907</value>
         <object_component_ref idref="oc-36"/>
      </symbol>
      <symbol id="sm-2a8">
         <name>SerialTerminator</name>
         <value>0x1aa1</value>
         <object_component_ref idref="oc-36"/>
      </symbol>
      <symbol id="sm-2a9">
         <name>SerialPutStr</name>
         <value>0x19d5</value>
         <object_component_ref idref="oc-36"/>
      </symbol>
      <symbol id="sm-2aa">
         <name>SerialGetStr</name>
         <value>0x1a61</value>
         <object_component_ref idref="oc-36"/>
      </symbol>
      <symbol id="sm-2ab">
         <name>SerialPutData</name>
         <value>0x1979</value>
         <object_component_ref idref="oc-36"/>
      </symbol>
      <symbol id="sm-2c7">
         <name>ResetISR</name>
         <value>0x2edd</value>
         <object_component_ref idref="oc-2a"/>
      </symbol>
      <symbol id="sm-2c8">
         <name>g_pfnVectors</name>
         <value>0x0</value>
         <object_component_ref idref="oc-f"/>
      </symbol>
      <symbol id="sm-3ab">
         <name>get_fattime</name>
         <value>0xe73</value>
         <object_component_ref idref="oc-a5"/>
      </symbol>
      <symbol id="sm-3ac">
         <name>disk_status</name>
         <value>0xa37</value>
         <object_component_ref idref="oc-a5"/>
      </symbol>
      <symbol id="sm-3ad">
         <name>selectSSI</name>
         <value>0xe7d</value>
         <object_component_ref idref="oc-a5"/>
      </symbol>
      <symbol id="sm-3ae">
         <name>disk_initialize_2</name>
         <value>0x893</value>
         <object_component_ref idref="oc-a5"/>
      </symbol>
      <symbol id="sm-3af">
         <name>xmit_spi_my</name>
         <value>0x2bf</value>
         <object_component_ref idref="oc-a5"/>
      </symbol>
      <symbol id="sm-3b0">
         <name>deSelectSSI</name>
         <value>0xe93</value>
         <object_component_ref idref="oc-a5"/>
      </symbol>
      <symbol id="sm-3b1">
         <name>disk_timerproc</name>
         <value>0xe2f</value>
         <object_component_ref idref="oc-a5"/>
      </symbol>
      <symbol id="sm-3b2">
         <name>disk_read</name>
         <value>0xa51</value>
         <object_component_ref idref="oc-a5"/>
      </symbol>
      <symbol id="sm-3b3">
         <name>disk_initialize</name>
         <value>0x6ed</value>
         <object_component_ref idref="oc-a5"/>
      </symbol>
      <symbol id="sm-3b4">
         <name>disk_ioctl</name>
         <value>0xc27</value>
         <object_component_ref idref="oc-a5"/>
      </symbol>
      <symbol id="sm-3b5">
         <name>disk_write</name>
         <value>0xb45</value>
         <object_component_ref idref="oc-a5"/>
      </symbol>
      <symbol id="sm-3b6">
         <name>send_cmd_my</name>
         <value>0x62d</value>
         <object_component_ref idref="oc-a5"/>
      </symbol>
      <symbol id="sm-3b7">
         <name>disk_read_check</name>
         <value>0xb09</value>
         <object_component_ref idref="oc-a5"/>
      </symbol>
      <symbol id="sm-442">
         <name>UARTTxIntModeSet</name>
         <value>0x2ec5</value>
         <object_component_ref idref="oc-14d"/>
      </symbol>
      <symbol id="sm-443">
         <name>UARTConfigSetExpClk</name>
         <value>0x2ccb</value>
         <object_component_ref idref="oc-12f"/>
      </symbol>
      <symbol id="sm-444">
         <name>UARTDisable</name>
         <value>0x2d91</value>
         <object_component_ref idref="oc-261"/>
      </symbol>
      <symbol id="sm-445">
         <name>UARTBusy</name>
         <value>0x2f53</value>
         <object_component_ref idref="oc-28e"/>
      </symbol>
      <symbol id="sm-446">
         <name>UARTIntEnable</name>
         <value>0x2f5b</value>
         <object_component_ref idref="oc-135"/>
      </symbol>
      <symbol id="sm-447">
         <name>UARTCharsAvail</name>
         <value>0x2eb9</value>
         <object_component_ref idref="oc-11d"/>
      </symbol>
      <symbol id="sm-448">
         <name>UARTClockSourceSet</name>
         <value>0x2f75</value>
         <object_component_ref idref="oc-153"/>
      </symbol>
      <symbol id="sm-449">
         <name>UARTCharPut</name>
         <value>0x2f25</value>
         <object_component_ref idref="oc-159"/>
      </symbol>
      <symbol id="sm-44a">
         <name>UARTEnable</name>
         <value>0x2e05</value>
         <object_component_ref idref="oc-13b"/>
      </symbol>
      <symbol id="sm-44b">
         <name>UARTFIFOEnable</name>
         <value>0x2f2f</value>
         <object_component_ref idref="oc-141"/>
      </symbol>
      <symbol id="sm-44c">
         <name>UARTIntClear</name>
         <value>0x2f8b</value>
         <object_component_ref idref="oc-105"/>
      </symbol>
      <symbol id="sm-44d">
         <name>UARTIntStatus</name>
         <value>0x2f39</value>
         <object_component_ref idref="oc-10b"/>
      </symbol>
      <symbol id="sm-44e">
         <name>UARTCharGet</name>
         <value>0x2f1b</value>
         <object_component_ref idref="oc-117"/>
      </symbol>
      <symbol id="sm-44f">
         <name>UARTFIFOLevelSet</name>
         <value>0x2f7b</value>
         <object_component_ref idref="oc-147"/>
      </symbol>
      <symbol id="sm-48a">
         <name>TimerLoadSet</name>
         <value>0x2e63</value>
         <object_component_ref idref="oc-b7"/>
      </symbol>
      <symbol id="sm-48b">
         <name>TimerEnable</name>
         <value>0x2e85</value>
         <object_component_ref idref="oc-d5"/>
      </symbol>
      <symbol id="sm-48c">
         <name>TimerValueGet</name>
         <value>0x2f11</value>
         <object_component_ref idref="oc-e7"/>
      </symbol>
      <symbol id="sm-48d">
         <name>TimerIntEnable</name>
         <value>0x2f4b</value>
         <object_component_ref idref="oc-cf"/>
      </symbol>
      <symbol id="sm-48e">
         <name>TimerConfigure</name>
         <value>0x2ab9</value>
         <object_component_ref idref="oc-b1"/>
      </symbol>
      <symbol id="sm-48f">
         <name>TimerIntClear</name>
         <value>0x2f87</value>
         <object_component_ref idref="oc-db"/>
      </symbol>
      <symbol id="sm-4b2">
         <name>SysTickEnable</name>
         <value>0x2ddd</value>
         <object_component_ref idref="oc-9f"/>
      </symbol>
      <symbol id="sm-4b3">
         <name>SysTickIntEnable</name>
         <value>0x2df1</value>
         <object_component_ref idref="oc-99"/>
      </symbol>
      <symbol id="sm-4b4">
         <name>SysTickPeriodSet</name>
         <value>0x2e75</value>
         <object_component_ref idref="oc-93"/>
      </symbol>
      <symbol id="sm-50f">
         <name>SysCtlClockSet</name>
         <value>0x26f1</value>
         <object_component_ref idref="oc-17b"/>
      </symbol>
      <symbol id="sm-510">
         <name>SysCtlDelay</name>
         <value>0x2f6f</value>
         <object_component_ref idref="oc-181"/>
      </symbol>
      <symbol id="sm-511">
         <name>SysCtlPeripheralEnable</name>
         <value>0x2d0d</value>
         <object_component_ref idref="oc-ab"/>
      </symbol>
      <symbol id="sm-512">
         <name>SysCtlClockGet</name>
         <value>0x25d9</value>
         <object_component_ref idref="oc-8d"/>
      </symbol>
      <symbol id="sm-544">
         <name>SSIDMAEnable</name>
         <value>0x2f43</value>
         <object_component_ref idref="oc-193"/>
      </symbol>
      <symbol id="sm-545">
         <name>SSIDataGetNonBlocking</name>
         <value>0x2e51</value>
         <object_component_ref idref="oc-182"/>
      </symbol>
      <symbol id="sm-546">
         <name>SSIDMADisable</name>
         <value>0x2efd</value>
         <object_component_ref idref="oc-199"/>
      </symbol>
      <symbol id="sm-547">
         <name>SSIConfigSetExpClk</name>
         <value>0x2c89</value>
         <object_component_ref idref="oc-16f"/>
      </symbol>
      <symbol id="sm-548">
         <name>SSIEnable</name>
         <value>0x2f07</value>
         <object_component_ref idref="oc-175"/>
      </symbol>
      <symbol id="sm-58f">
         <name>IntPrioritySet</name>
         <value>0x2d6d</value>
         <object_component_ref idref="oc-c9"/>
      </symbol>
      <symbol id="sm-590">
         <name>IntEnable</name>
         <value>0x2a59</value>
         <object_component_ref idref="oc-c3"/>
      </symbol>
      <symbol id="sm-591">
         <name>IntMasterDisable</name>
         <value>0x2ee9</value>
         <object_component_ref idref="oc-2ef"/>
      </symbol>
      <symbol id="sm-592">
         <name>IntMasterEnable</name>
         <value>0x2ef3</value>
         <object_component_ref idref="oc-bd"/>
      </symbol>
      <symbol id="sm-5ea">
         <name>GPIOPinConfigure</name>
         <value>0x2bfd</value>
         <object_component_ref idref="oc-123"/>
      </symbol>
      <symbol id="sm-5eb">
         <name>GPIOPinTypeUART</name>
         <value>0x2e3f</value>
         <object_component_ref idref="oc-129"/>
      </symbol>
      <symbol id="sm-5ec">
         <name>GPIOPinTypeGPIOOutput</name>
         <value>0x2dad</value>
         <object_component_ref idref="oc-21b"/>
      </symbol>
      <symbol id="sm-5ed">
         <name>GPIOPinRead</name>
         <value>0x2f63</value>
         <object_component_ref idref="oc-221"/>
      </symbol>
      <symbol id="sm-5ee">
         <name>GPIODirModeSet</name>
         <value>0x2d41</value>
         <object_component_ref idref="oc-254"/>
      </symbol>
      <symbol id="sm-5ef">
         <name>GPIOPinWrite</name>
         <value>0x2f69</value>
         <object_component_ref idref="oc-111"/>
      </symbol>
      <symbol id="sm-5f0">
         <name>GPIOPadConfigSet</name>
         <value>0x24a9</value>
         <object_component_ref idref="oc-25a"/>
      </symbol>
      <symbol id="sm-5f1">
         <name>GPIOPinTypeSSI</name>
         <value>0x2e2d</value>
         <object_component_ref idref="oc-169"/>
      </symbol>
      <symbol id="sm-603">
         <name>CPUcpsie</name>
         <value>0x2ead</value>
         <object_component_ref idref="oc-203"/>
      </symbol>
      <symbol id="sm-604">
         <name>CPUcpsid</name>
         <value>0x2ea1</value>
         <object_component_ref idref="oc-30d"/>
      </symbol>
      <symbol id="sm-61b">
         <name>atoi</name>
         <value>0x2b65</value>
         <object_component_ref idref="oc-ff"/>
      </symbol>
      <symbol id="sm-62d">
         <name>_c_int00</name>
         <value>0x2b15</value>
         <object_component_ref idref="oc-24"/>
      </symbol>
      <symbol id="sm-62e">
         <name>__stack</name>
         <value>0x20000998</value>
         <object_component_ref idref="oc-29"/>
      </symbol>
      <symbol id="sm-645">
         <name>__TI_decompress_none</name>
         <value>0x2e93</value>
         <object_component_ref idref="oc-12"/>
      </symbol>
      <symbol id="sm-66d">
         <name>__TI_decompress_rle24</name>
         <value>0x2f81</value>
         <object_component_ref idref="oc-18"/>
      </symbol>
      <symbol id="sm-67f">
         <name>__TI_zero_init</name>
         <value>0x2ed1</value>
         <object_component_ref idref="oc-1e"/>
      </symbol>
      <symbol id="sm-68a">
         <name>_ctypes_</name>
         <value>0x2f94</value>
         <object_component_ref idref="oc-244"/>
      </symbol>
      <symbol id="sm-6a9">
         <name>C$$EXIT</name>
         <value>0x2c45</value>
         <object_component_ref idref="oc-82"/>
      </symbol>
      <symbol id="sm-6aa">
         <name>abort</name>
         <value>0x2c49</value>
         <object_component_ref idref="oc-82"/>
      </symbol>
      <symbol id="sm-6ab">
         <name>exit</name>
         <value>0x2c51</value>
         <object_component_ref idref="oc-82"/>
      </symbol>
      <symbol id="sm-6ac">
         <name>__TI_dtors_ptr</name>
         <value>0x20000bcc</value>
         <object_component_ref idref="oc-1d6"/>
      </symbol>
      <symbol id="sm-6ad">
         <name>__TI_cleanup_ptr</name>
         <value>0x20000bc8</value>
         <object_component_ref idref="oc-1d6"/>
      </symbol>
      <symbol id="sm-6cc">
         <name>memcpy</name>
         <value>0x27e1</value>
         <object_component_ref idref="oc-4b"/>
      </symbol>
      <symbol id="sm-6cd">
         <name>__aeabi_memcpy</name>
         <value>0x27e1</value>
         <object_component_ref idref="oc-4b"/>
      </symbol>
      <symbol id="sm-6ce">
         <name>__aeabi_memcpy8</name>
         <value>0x27e1</value>
         <object_component_ref idref="oc-4b"/>
      </symbol>
      <symbol id="sm-6cf">
         <name>__aeabi_memcpy4</name>
         <value>0x27e1</value>
         <object_component_ref idref="oc-4b"/>
      </symbol>
      <symbol id="sm-6de">
         <name>__aeabi_memset</name>
         <value>0x2907</value>
         <object_component_ref idref="oc-64"/>
      </symbol>
      <symbol id="sm-6df">
         <name>memset</name>
         <value>0x290d</value>
         <object_component_ref idref="oc-64"/>
      </symbol>
      <symbol id="sm-6e0">
         <name>__aeabi_memset8</name>
         <value>0x2907</value>
         <object_component_ref idref="oc-64"/>
      </symbol>
      <symbol id="sm-6e1">
         <name>__aeabi_memset4</name>
         <value>0x2907</value>
         <object_component_ref idref="oc-64"/>
      </symbol>
      <symbol id="sm-6e2">
         <name>__aeabi_memclr8</name>
         <value>0x2905</value>
         <object_component_ref idref="oc-64"/>
      </symbol>
      <symbol id="sm-6e3">
         <name>__aeabi_memclr4</name>
         <value>0x2905</value>
         <object_component_ref idref="oc-64"/>
      </symbol>
      <symbol id="sm-6e4">
         <name>__aeabi_memclr</name>
         <value>0x2905</value>
         <object_component_ref idref="oc-64"/>
      </symbol>
      <symbol id="sm-6ee">
         <name>_system_pre_init</name>
         <value>0x2f8f</value>
         <object_component_ref idref="oc-70"/>
      </symbol>
      <symbol id="sm-6f6">
         <name>main_func_sp</name>
         <value>0x20000bd0</value>
         <object_component_ref idref="oc-88"/>
      </symbol>
      <symbol id="sm-712">
         <name>_nop</name>
         <value>0x2e27</value>
         <object_component_ref idref="oc-2b7"/>
      </symbol>
      <symbol id="sm-713">
         <name>_lock</name>
         <value>0x20000bc0</value>
         <object_component_ref idref="oc-1d3"/>
      </symbol>
      <symbol id="sm-714">
         <name>_unlock</name>
         <value>0x20000bc4</value>
         <object_component_ref idref="oc-1d3"/>
      </symbol>
      <symbol id="sm-715">
         <name>_register_lock</name>
         <value>0x2e1f</value>
         <object_component_ref idref="oc-2b7"/>
      </symbol>
      <symbol id="sm-716">
         <name>_register_unlock</name>
         <value>0x2e19</value>
         <object_component_ref idref="oc-2b7"/>
      </symbol>
      <symbol id="sm-72b">
         <name>_args_main</name>
         <value>0x2dc5</value>
         <object_component_ref idref="oc-7c"/>
      </symbol>
      <symbol id="sm-751">
         <name>__TI_auto_init</name>
         <value>0x2981</value>
         <object_component_ref idref="oc-76"/>
      </symbol>
      <symbol id="sm-76b">
         <name>copy_in</name>
         <value>0x2bb1</value>
         <object_component_ref idref="oc-1c9"/>
      </symbol>
      <symbol id="sm-79b">
         <name>__TI_static_base__</name>
         <value>0x0</value>
      </symbol>
      <symbol id="sm-79e">
         <name>SHT$$INIT_ARRAY$$Limit</name>
         <value>0x0</value>
      </symbol>
      <symbol id="sm-79f">
         <name>SHT$$INIT_ARRAY$$Base</name>
         <value>0x0</value>
      </symbol>
   </symbol_table>
   <title>Link successful</title>
</link_info>
